Archive member included to satisfy reference by file (symbol)

build/lib/boards/edu-ciaa-nxp.a(armv7m_startup.o)
                              (Reset_Handler)
build/lib/boards/edu-ciaa-nxp.a(sysinit.o)
                              build/lib/boards/edu-ciaa-nxp.a(armv7m_startup.o) (SystemInit)
build/lib/boards/edu-ciaa-nxp.a(board_lpcopen.o)
                              build/lib/boards/edu-ciaa-nxp.a(sysinit.o) (Board_Init)
build/lib/boards/edu-ciaa-nxp.a(board_sysinit.o)
                              build/lib/boards/edu-ciaa-nxp.a(sysinit.o) (Board_SystemInit)
build/lib/boards/edu-ciaa-nxp.a(adc_18xx_43xx.o)
                              build/lib/boards/edu-ciaa-nxp.a(board_lpcopen.o) (Chip_ADC_Init)
build/lib/boards/edu-ciaa-nxp.a(chip_18xx_43xx.o)
                              build/lib/boards/edu-ciaa-nxp.a(board_sysinit.o) (SystemCoreClockUpdate)
build/lib/boards/edu-ciaa-nxp.a(clock_18xx_43xx.o)
                              build/lib/boards/edu-ciaa-nxp.a(chip_18xx_43xx.o) (Chip_Clock_GetClockInputHz)
build/lib/boards/edu-ciaa-nxp.a(gpio_18xx_43xx.o)
                              build/lib/boards/edu-ciaa-nxp.a(board_lpcopen.o) (Chip_GPIO_Init)
build/lib/boards/edu-ciaa-nxp.a(i2c_18xx_43xx.o)
                              build/lib/boards/edu-ciaa-nxp.a(board_lpcopen.o) (Chip_I2C_Init)
build/lib/boards/edu-ciaa-nxp.a(ssp_18xx_43xx.o)
                              build/lib/boards/edu-ciaa-nxp.a(board_lpcopen.o) (Chip_SSP_SetBitRate)
build/lib/boards/edu-ciaa-nxp.a(sysinit_18xx_43xx.o)
                              build/lib/boards/edu-ciaa-nxp.a(board_sysinit.o) (Chip_SetupCoreClock)
build/lib/boards/edu-ciaa-nxp.a(uart_18xx_43xx.o)
                              build/lib/boards/edu-ciaa-nxp.a(board_lpcopen.o) (Chip_UART_Init)
build/lib/boards/edu-ciaa-nxp.a(ring_buffer.o)
                              build/lib/boards/edu-ciaa-nxp.a(uart_18xx_43xx.o) (RingBuffer_Insert)
/home/pablo/eiti/2022/embebidos/gcc/gcc-arm/bin/../lib/gcc/arm-none-eabi/10.3.1/thumb/v7e-m+fp/softfp/libgcc.a(_aeabi_uldivmod.o)
                              build/lib/boards/edu-ciaa-nxp.a(uart_18xx_43xx.o) (__aeabi_uldivmod)
/home/pablo/eiti/2022/embebidos/gcc/gcc-arm/bin/../lib/gcc/arm-none-eabi/10.3.1/thumb/v7e-m+fp/softfp/libgcc.a(_udivmoddi4.o)
                              /home/pablo/eiti/2022/embebidos/gcc/gcc-arm/bin/../lib/gcc/arm-none-eabi/10.3.1/thumb/v7e-m+fp/softfp/libgcc.a(_aeabi_uldivmod.o) (__udivmoddi4)
/home/pablo/eiti/2022/embebidos/gcc/gcc-arm/bin/../lib/gcc/arm-none-eabi/10.3.1/thumb/v7e-m+fp/softfp/libgcc.a(_dvmd_tls.o)
                              /home/pablo/eiti/2022/embebidos/gcc/gcc-arm/bin/../lib/gcc/arm-none-eabi/10.3.1/thumb/v7e-m+fp/softfp/libgcc.a(_aeabi_uldivmod.o) (__aeabi_ldiv0)
/home/pablo/eiti/2022/embebidos/gcc/gcc-arm/bin/../lib/gcc/arm-none-eabi/10.3.1/../../../../arm-none-eabi/lib/thumb/v7e-m+fp/softfp/libc_nano.a(lib_a-init.o)
                              build/lib/boards/edu-ciaa-nxp.a(armv7m_startup.o) (__libc_init_array)
/home/pablo/eiti/2022/embebidos/gcc/gcc-arm/bin/../lib/gcc/arm-none-eabi/10.3.1/../../../../arm-none-eabi/lib/thumb/v7e-m+fp/softfp/libc_nano.a(lib_a-memcpy-stub.o)
                              build/lib/boards/edu-ciaa-nxp.a(ring_buffer.o) (memcpy)
/home/pablo/eiti/2022/embebidos/gcc/gcc-arm/bin/../lib/gcc/arm-none-eabi/10.3.1/../../../../arm-none-eabi/lib/thumb/v7e-m+fp/softfp/libc_nano.a(lib_a-memset.o)
                              build/obj/src/pantalla.o (memset)

Discarded input sections

 .group         0x0000000000000000        0xc build/obj/src/bsp.o
 .group         0x0000000000000000        0xc build/obj/src/bsp.o
 .group         0x0000000000000000        0xc build/obj/src/bsp.o
 .group         0x0000000000000000        0xc build/obj/src/bsp.o
 .group         0x0000000000000000        0xc build/obj/src/bsp.o
 .group         0x0000000000000000        0xc build/obj/src/bsp.o
 .group         0x0000000000000000        0xc build/obj/src/bsp.o
 .group         0x0000000000000000        0xc build/obj/src/bsp.o
 .group         0x0000000000000000        0xc build/obj/src/bsp.o
 .group         0x0000000000000000        0xc build/obj/src/bsp.o
 .group         0x0000000000000000        0xc build/obj/src/bsp.o
 .group         0x0000000000000000        0xc build/obj/src/bsp.o
 .group         0x0000000000000000        0xc build/obj/src/bsp.o
 .group         0x0000000000000000        0xc build/obj/src/bsp.o
 .group         0x0000000000000000        0xc build/obj/src/bsp.o
 .group         0x0000000000000000        0xc build/obj/src/bsp.o
 .group         0x0000000000000000        0xc build/obj/src/bsp.o
 .group         0x0000000000000000        0xc build/obj/src/bsp.o
 .group         0x0000000000000000        0xc build/obj/src/bsp.o
 .group         0x0000000000000000        0xc build/obj/src/bsp.o
 .group         0x0000000000000000        0xc build/obj/src/bsp.o
 .group         0x0000000000000000        0xc build/obj/src/bsp.o
[...]
Memory Configuration

Name             Origin             Length             Attributes
MFlashA512       0x000000001a000000 0x0000000000080000 xr
MFlashB512       0x000000001b000000 0x0000000000080000 xr
RamLoc32         0x0000000010000000 0x0000000000008000 xrw
RamLoc40         0x0000000010080000 0x000000000000a000 xrw
RamAHB32         0x0000000020000000 0x0000000000008000 xrw
RamAHB16         0x0000000020008000 0x0000000000004000 xrw
RamAHB_ETB16     0x000000002000c000 0x0000000000004000 xrw
*default*        0x0000000000000000 0xffffffffffffffff

Linker script and memory map

LOAD build/obj/src/bsp.o
LOAD build/obj/src/digital.o
LOAD build/obj/src/main.o
LOAD build/obj/src/pantalla.o
LOAD build/lib/boards/edu-ciaa-nxp.a
START GROUP
LOAD /home/pablo/eiti/2022/embebidos/gcc/gcc-arm/bin/../lib/gcc/arm-none-eabi/10.3.1/thumb/v7e-m+fp/softfp/libgcc.a
LOAD /home/pablo/eiti/2022/embebidos/gcc/gcc-arm/bin/../lib/gcc/arm-none-eabi/10.3.1/../../../../arm-none-eabi/lib/thumb/v7e-m+fp/softfp/libc_nano.a
END GROUP
START GROUP
LOAD /home/pablo/eiti/2022/embebidos/gcc/gcc-arm/bin/../lib/gcc/arm-none-eabi/10.3.1/thumb/v7e-m+fp/softfp/libgcc.a
LOAD /home/pablo/eiti/2022/embebidos/gcc/gcc-arm/bin/../lib/gcc/arm-none-eabi/10.3.1/../../../../arm-none-eabi/lib/thumb/v7e-m+fp/softfp/libc_nano.a
LOAD /home/pablo/eiti/2022/embebidos/gcc/gcc-arm/bin/../lib/gcc/arm-none-eabi/10.3.1/../../../../arm-none-eabi/lib/thumb/v7e-m+fp/softfp/libnosys.a
END GROUP
START GROUP
LOAD /home/pablo/eiti/2022/embebidos/gcc/gcc-arm/bin/../lib/gcc/arm-none-eabi/10.3.1/thumb/v7e-m+fp/softfp/libgcc.a
LOAD /home/pablo/eiti/2022/embebidos/gcc/gcc-arm/bin/../lib/gcc/arm-none-eabi/10.3.1/../../../../arm-none-eabi/lib/thumb/v7e-m+fp/softfp/libc_nano.a
LOAD /home/pablo/eiti/2022/embebidos/gcc/gcc-arm/bin/../lib/gcc/arm-none-eabi/10.3.1/../../../../arm-none-eabi/lib/thumb/v7e-m+fp/softfp/libnosys.a
END GROUP
                0x000000001a080000                __top_MFlashA512 = 0x1a080000
                0x000000001b080000                __top_MFlashB512 = 0x1b080000
                0x0000000010008000                __top_RamLoc32 = 0x10008000
                0x000000001008a000                __top_RamLoc40 = 0x1008a000
                0x0000000020008000                __top_RamAHB32 = 0x20008000
                0x000000002000c000                __top_RamAHB16 = 0x2000c000
                0x0000000020010000                __top_RamAHB_ETB16 = 0x20010000
START GROUP
LOAD /home/pablo/eiti/2022/embebidos/gcc/gcc-arm/bin/../lib/gcc/arm-none-eabi/10.3.1/thumb/v7e-m+fp/softfp/libgcc.a
LOAD /home/pablo/eiti/2022/embebidos/gcc/gcc-arm/bin/../lib/gcc/arm-none-eabi/10.3.1/../../../../arm-none-eabi/lib/thumb/v7e-m+fp/softfp/libc.a
LOAD /home/pablo/eiti/2022/embebidos/gcc/gcc-arm/bin/../lib/gcc/arm-none-eabi/10.3.1/../../../../arm-none-eabi/lib/thumb/v7e-m+fp/softfp/libm.a
END GROUP

.text_Flash2    0x000000001b000000        0x0
 FILL mask 0xff
 *(.text_Flash2*)
 *(.text_MFlashB512*)
 *(.text.$Flash2*)
 *(.text.$MFlashB512*)
 *(.rodata.$Flash2*)
 *(.rodata.$MFlashB512*)

.text           0x000000001a000000      0x15a
 FILL mask 0xff
                0x000000001a000000                __vectors_start__ = ABSOLUTE (.)
 *(.isr_vector)
 .isr_vector    0x000000001a000000       0x40 build/lib/boards/edu-ciaa-nxp.a(armv7m_startup.o)
                0x000000001a000000                g_pfnVectors
 *(.isr_vendor_vector)
                0x000000001a000040                . = ALIGN (0x4)
                0x000000001a000040                __section_table_start = .
                0x000000001a000040                __data_section_table = .
                0x000000001a000040        0x4 LONG 0x1a00288c LOADADDR (.data)
                0x000000001a000044        0x4 LONG 0x10000000 ADDR (.data)
                0x000000001a000048        0x4 LONG 0x38 SIZEOF (.data)
                0x000000001a00004c        0x4 LONG 0x1a00288c LOADADDR (.data_RAM2)
                0x000000001a000050        0x4 LONG 0x10080000 ADDR (.data_RAM2)
                0x000000001a000054        0x4 LONG 0x0 SIZEOF (.data_RAM2)
                0x000000001a000058        0x4 LONG 0x1a00288c LOADADDR (.data_RAM3)
                0x000000001a00005c        0x4 LONG 0x20000000 ADDR (.data_RAM3)
                0x000000001a000060        0x4 LONG 0x0 SIZEOF (.data_RAM3)
                0x000000001a000064        0x4 LONG 0x1a00288c LOADADDR (.data_RAM4)
                0x000000001a000068        0x4 LONG 0x20008000 ADDR (.data_RAM4)
                0x000000001a00006c        0x4 LONG 0x0 SIZEOF (.data_RAM4)
                0x000000001a000070        0x4 LONG 0x1a00288c LOADADDR (.data_RAM5)
                0x000000001a000074        0x4 LONG 0x2000c000 ADDR (.data_RAM5)
                0x000000001a000078        0x4 LONG 0x0 SIZEOF (.data_RAM5)
                0x000000001a00007c                __data_section_table_end = .
                0x000000001a00007c                __bss_section_table = .
                0x000000001a00007c        0x4 LONG 0x10000038 ADDR (.bss)
                0x000000001a000080        0x4 LONG 0x70 SIZEOF (.bss)
                0x000000001a000084        0x4 LONG 0x10080000 ADDR (.bss_RAM2)
                0x000000001a000088        0x4 LONG 0x0 SIZEOF (.bss_RAM2)
                0x000000001a00008c        0x4 LONG 0x20000000 ADDR (.bss_RAM3)
                0x000000001a000090        0x4 LONG 0x0 SIZEOF (.bss_RAM3)
                0x000000001a000094        0x4 LONG 0x20008000 ADDR (.bss_RAM4)
                0x000000001a000098        0x4 LONG 0x0 SIZEOF (.bss_RAM4)
                0x000000001a00009c        0x4 LONG 0x2000c000 ADDR (.bss_RAM5)
                0x000000001a0000a0        0x4 LONG 0x0 SIZEOF (.bss_RAM5)
                0x000000001a0000a4                __bss_section_table_end = .
                0x000000001a0000a4                __section_table_end = .
 *(.after_vectors*)
 .after_vectors
                0x000000001a0000a4       0xb6 build/lib/boards/edu-ciaa-nxp.a(armv7m_startup.o)
                0x000000001a0000a4                data_init
                0x000000001a0000ea                bss_init
                0x000000001a000124                NMI_Handler
                0x000000001a00012a                HardFault_Handler
                0x000000001a000130                MemManage_Handler
                0x000000001a000136                BusFault_Handler
                0x000000001a00013c                UsageFault_Handler
                0x000000001a000142                SVC_Handler
                0x000000001a000148                DebugMon_Handler
                0x000000001a00014e                PendSV_Handler
                0x000000001a000154                SysTick_Handler

.glue_7         0x000000001a00015c        0x0
 .glue_7        0x000000001a00015c        0x0 linker stubs

.glue_7t        0x000000001a00015c        0x0
 .glue_7t       0x000000001a00015c        0x0 linker stubs

.vfp11_veneer   0x000000001a00015c        0x0
 .vfp11_veneer  0x000000001a00015c        0x0 linker stubs

.v4_bx          0x000000001a00015c        0x0
 .v4_bx         0x000000001a00015c        0x0 linker stubs

.iplt           0x000000001a00015c        0x0
 .iplt          0x000000001a00015c        0x0 build/obj/src/bsp.o
                0x000000001a00015c                . = ALIGN (0x4)

.preinit_array  0x000000001a00015a        0x0
                0x000000001a00015a                PROVIDE (__preinit_array_start = .)
 *(.preinit_array*)
                0x000000001a00015a                PROVIDE (__preinit_array_end = .)

.init_array     0x000000001a00015a        0x0
                0x000000001a00015a                PROVIDE (__init_array_start = .)
 *(SORT_BY_NAME(.init_array.*))
 *(.init_array*)
                0x000000001a00015a                PROVIDE (__init_array_end = .)
                0x000000001a00015c                . = ALIGN (0x4)

.text           0x000000001a00015c     0x2728
 *(.text*)
 .text.Chip_SCU_PinMuxSet
                0x000000001a00015c       0x34 build/obj/src/bsp.o
 .text.Chip_GPIO_SetPinState
                0x000000001a000190       0x38 build/obj/src/bsp.o
 .text.Chip_GPIO_SetPinDIROutput
                0x000000001a0001c8       0x3e build/obj/src/bsp.o
 .text.Chip_GPIO_SetPinDIRInput
                0x000000001a000206       0x40 build/obj/src/bsp.o
 .text.Chip_GPIO_SetPinDIR
                0x000000001a000246       0x42 build/obj/src/bsp.o
 .text.Chip_GPIO_SetValue
                0x000000001a000288       0x28 build/obj/src/bsp.o
 .text.Chip_GPIO_ClearValue
                0x000000001a0002b0       0x28 build/obj/src/bsp.o
 .text.DigitsInit
                0x000000001a0002d8       0x94 build/obj/src/bsp.o
 .text.SegmentsInit
                0x000000001a00036c      0x11c build/obj/src/bsp.o
 .text.BuzzerInit
                0x000000001a000488       0x24 build/obj/src/bsp.o
 .text.KeysInit
                0x000000001a0004ac       0xa8 build/obj/src/bsp.o
 .text.DisplayInit
                0x000000001a000554       0x20 build/obj/src/bsp.o
 .text.ScreenOff
                0x000000001a000574       0x20 build/obj/src/bsp.o
 .text.WriteNumber
                0x000000001a000594       0x24 build/obj/src/bsp.o
 .text.SelectDigit
                0x000000001a0005b8       0x28 build/obj/src/bsp.o
 .text.BoardCreate
                0x000000001a0005e0       0x24 build/obj/src/bsp.o
                0x000000001a0005e0                BoardCreate
 .text.Chip_GPIO_SetPinState
                0x000000001a000604       0x38 build/obj/src/digital.o
 .text.Chip_GPIO_SetPinDIROutput
                0x000000001a00063c       0x3e build/obj/src/digital.o
 .text.Chip_GPIO_SetPinDIRInput
                0x000000001a00067a       0x40 build/obj/src/digital.o
 .text.Chip_GPIO_SetPinDIR
                0x000000001a0006ba       0x42 build/obj/src/digital.o
 .text.DigitalInputAllocate
                0x000000001a0006fc       0x6c build/obj/src/digital.o
                0x000000001a0006fc                DigitalInputAllocate
 .text.DigitalOutputAllocate
                0x000000001a000768       0x6c build/obj/src/digital.o
                0x000000001a000768                DigitalOutputAllocate
 .text.DigitalInputCreate
                0x000000001a0007d4       0x50 build/obj/src/digital.o
                0x000000001a0007d4                DigitalInputCreate
 .text.DigitalOutputCreate
                0x000000001a000824       0x58 build/obj/src/digital.o
                0x000000001a000824                DigitalOutputCreate
 .text.main     0x000000001a00087c       0x48 build/obj/src/main.o
                0x000000001a00087c                main
 .text.DisplayCreate
                0x000000001a0008c4       0x5c build/obj/src/pantalla.o
                0x000000001a0008c4                DisplayCreate
 .text.DisplayWriteBCD
                0x000000001a000920       0x68 build/obj/src/pantalla.o
                0x000000001a000920                DisplayWriteBCD
 .text.DisplayRefresh
                0x000000001a000988       0x56 build/obj/src/pantalla.o
                0x000000001a000988                DisplayRefresh
 .text.initialise_monitor_handles
                0x000000001a0009de        0xe build/lib/boards/edu-ciaa-nxp.a(armv7m_startup.o)
                0x000000001a0009de                initialise_monitor_handles
 .text._fini    0x000000001a0009ec        0xe build/lib/boards/edu-ciaa-nxp.a(armv7m_startup.o)
                0x000000001a0009ec                _fini
 .text._init    0x000000001a0009fa        0xe build/lib/boards/edu-ciaa-nxp.a(armv7m_startup.o)
                0x000000001a0009fa                _init
 .text.Reset_Handler
                0x000000001a000a08       0xcc build/lib/boards/edu-ciaa-nxp.a(armv7m_startup.o)
                0x000000001a000a08                Reset_Handler
 .text.SCB_GetFPUType
                0x000000001a000ad4       0x2c build/lib/boards/edu-ciaa-nxp.a(sysinit.o)
 .text.SystemInit
                0x000000001a000b00       0x38 build/lib/boards/edu-ciaa-nxp.a(sysinit.o)
                0x000000001a000b00                SystemInit
 .text.Chip_SCU_I2C0PinConfig
                0x000000001a000b38       0x20 build/lib/boards/edu-ciaa-nxp.a(board_lpcopen.o)
 .text.Chip_GPIO_SetPinState
                0x000000001a000b58       0x38 build/lib/boards/edu-ciaa-nxp.a(board_lpcopen.o)
 .text.Chip_GPIO_SetPinDIROutput
                0x000000001a000b90       0x3e build/lib/boards/edu-ciaa-nxp.a(board_lpcopen.o)
 .text.Chip_GPIO_SetPinDIRInput
                0x000000001a000bce       0x40 build/lib/boards/edu-ciaa-nxp.a(board_lpcopen.o)
 .text.Chip_SSP_Enable
                0x000000001a000c0e       0x20 build/lib/boards/edu-ciaa-nxp.a(board_lpcopen.o)
 .text.Chip_SSP_SetFormat
                0x000000001a000c2e       0x32 build/lib/boards/edu-ciaa-nxp.a(board_lpcopen.o)
 .text.Chip_SSP_Set_Mode
                0x000000001a000c60       0x26 build/lib/boards/edu-ciaa-nxp.a(board_lpcopen.o)
 .text.Chip_UART_TXEnable
                0x000000001a000c86       0x1a build/lib/boards/edu-ciaa-nxp.a(board_lpcopen.o)
 .text.Chip_UART_ConfigData
                0x000000001a000ca0       0x1c build/lib/boards/edu-ciaa-nxp.a(board_lpcopen.o)
 .text.Board_LED_Init
                0x000000001a000cbc       0x54 build/lib/boards/edu-ciaa-nxp.a(board_lpcopen.o)
 .text.Board_TEC_Init
                0x000000001a000d10       0x44 build/lib/boards/edu-ciaa-nxp.a(board_lpcopen.o)
 .text.Board_GPIO_Init
                0x000000001a000d54       0x44 build/lib/boards/edu-ciaa-nxp.a(board_lpcopen.o)
 .text.Board_I2C_Init
                0x000000001a000d98       0x24 build/lib/boards/edu-ciaa-nxp.a(board_lpcopen.o)
 .text.Board_SPI_Init
                0x000000001a000dbc       0x38 build/lib/boards/edu-ciaa-nxp.a(board_lpcopen.o)
 .text.Board_ADC_Init
                0x000000001a000df4       0x38 build/lib/boards/edu-ciaa-nxp.a(board_lpcopen.o)
 .text.Board_Debug_Init
                0x000000001a000e2c       0x2c build/lib/boards/edu-ciaa-nxp.a(board_lpcopen.o)
                0x000000001a000e2c                Board_Debug_Init
 .text.Board_Init
                0x000000001a000e58       0x30 build/lib/boards/edu-ciaa-nxp.a(board_lpcopen.o)
                0x000000001a000e58                Board_Init
 .text.Chip_SCU_PinMuxSet
                0x000000001a000e88       0x34 build/lib/boards/edu-ciaa-nxp.a(board_sysinit.o)
 .text.Chip_SCU_SetPinMuxing
                0x000000001a000ebc       0x4c build/lib/boards/edu-ciaa-nxp.a(board_sysinit.o)
 .text.Chip_CREG_SetFlashAcceleration
                0x000000001a000f08       0x54 build/lib/boards/edu-ciaa-nxp.a(board_sysinit.o)
 .text.Board_SetupMuxing
                0x000000001a000f5c       0x14 build/lib/boards/edu-ciaa-nxp.a(board_sysinit.o)
                0x000000001a000f5c                Board_SetupMuxing
 .text.Board_SetupClocking
                0x000000001a000f70       0x74 build/lib/boards/edu-ciaa-nxp.a(board_sysinit.o)
                0x000000001a000f70                Board_SetupClocking
 .text.Board_SystemInit
                0x000000001a000fe4       0x14 build/lib/boards/edu-ciaa-nxp.a(board_sysinit.o)
                0x000000001a000fe4                Board_SystemInit
 .text.getFullConvClk
                0x000000001a000ff8       0x10 build/lib/boards/edu-ciaa-nxp.a(adc_18xx_43xx.o)
 .text.Chip_ADC_GetClockIndex
                0x000000001a001008       0x2c build/lib/boards/edu-ciaa-nxp.a(adc_18xx_43xx.o)
 .text.getClkDiv
                0x000000001a001034       0x66 build/lib/boards/edu-ciaa-nxp.a(adc_18xx_43xx.o)
 *fill*         0x000000001a00109a        0x2 
 .text.Chip_ADC_Init
                0x000000001a00109c       0x88 build/lib/boards/edu-ciaa-nxp.a(adc_18xx_43xx.o)
                0x000000001a00109c                Chip_ADC_Init
 .text.Chip_ADC_SetSampleRate
                0x000000001a001124       0x64 build/lib/boards/edu-ciaa-nxp.a(adc_18xx_43xx.o)
                0x000000001a001124                Chip_ADC_SetSampleRate
 .text.Chip_ADC_SetResolution
                0x000000001a001188       0x2a build/lib/boards/edu-ciaa-nxp.a(adc_18xx_43xx.o)
                0x000000001a001188                Chip_ADC_SetResolution
 *fill*         0x000000001a0011b2        0x2 
 .text.SystemCoreClockUpdate
                0x000000001a0011b4       0x18 build/lib/boards/edu-ciaa-nxp.a(chip_18xx_43xx.o)
                0x000000001a0011b4                SystemCoreClockUpdate
 .text.ABS      0x000000001a0011cc       0x22 build/lib/boards/edu-ciaa-nxp.a(clock_18xx_43xx.o)
 *fill*         0x000000001a0011ee        0x2 
 .text.pll_calc_divs
                0x000000001a0011f0      0x124 build/lib/boards/edu-ciaa-nxp.a(clock_18xx_43xx.o)
 .text.pll_get_frac
                0x000000001a001314      0x180 build/lib/boards/edu-ciaa-nxp.a(clock_18xx_43xx.o)
 .text.Chip_Clock_GetDivRate
                0x000000001a001494       0x40 build/lib/boards/edu-ciaa-nxp.a(clock_18xx_43xx.o)
 .text.Chip_Clock_FindBaseClock
                0x000000001a0014d4       0x90 build/lib/boards/edu-ciaa-nxp.a(clock_18xx_43xx.o)
 .text.Chip_Clock_EnableCrystal
                0x000000001a001564       0x70 build/lib/boards/edu-ciaa-nxp.a(clock_18xx_43xx.o)
                0x000000001a001564                Chip_Clock_EnableCrystal
 .text.Chip_Clock_CalcMainPLLValue
                0x000000001a0015d4       0xd8 build/lib/boards/edu-ciaa-nxp.a(clock_18xx_43xx.o)
                0x000000001a0015d4                Chip_Clock_CalcMainPLLValue
 .text.Chip_Clock_GetMainPLLHz
                0x000000001a0016ac       0xbc build/lib/boards/edu-ciaa-nxp.a(clock_18xx_43xx.o)
                0x000000001a0016ac                Chip_Clock_GetMainPLLHz
 .text.Chip_Clock_GetDividerSource
                0x000000001a001768       0x40 build/lib/boards/edu-ciaa-nxp.a(clock_18xx_43xx.o)
                0x000000001a001768                Chip_Clock_GetDividerSource
 .text.Chip_Clock_GetDividerDivisor
                0x000000001a0017a8       0x38 build/lib/boards/edu-ciaa-nxp.a(clock_18xx_43xx.o)
                0x000000001a0017a8                Chip_Clock_GetDividerDivisor
 .text.Chip_Clock_GetClockInputHz
                0x000000001a0017e0      0x140 build/lib/boards/edu-ciaa-nxp.a(clock_18xx_43xx.o)
                0x000000001a0017e0                Chip_Clock_GetClockInputHz
 .text.Chip_Clock_GetBaseClocktHz
                0x000000001a001920       0x24 build/lib/boards/edu-ciaa-nxp.a(clock_18xx_43xx.o)
                0x000000001a001920                Chip_Clock_GetBaseClocktHz
 .text.Chip_Clock_SetBaseClock
                0x000000001a001944       0x9c build/lib/boards/edu-ciaa-nxp.a(clock_18xx_43xx.o)
                0x000000001a001944                Chip_Clock_SetBaseClock
 .text.Chip_Clock_GetBaseClock
                0x000000001a0019e0       0x4c build/lib/boards/edu-ciaa-nxp.a(clock_18xx_43xx.o)
                0x000000001a0019e0                Chip_Clock_GetBaseClock
 .text.Chip_Clock_EnableOpts
                0x000000001a001a2c       0x7c build/lib/boards/edu-ciaa-nxp.a(clock_18xx_43xx.o)
                0x000000001a001a2c                Chip_Clock_EnableOpts
 .text.Chip_Clock_Enable
                0x000000001a001aa8       0x60 build/lib/boards/edu-ciaa-nxp.a(clock_18xx_43xx.o)
                0x000000001a001aa8                Chip_Clock_Enable
 .text.Chip_Clock_GetRate
                0x000000001a001b08       0x88 build/lib/boards/edu-ciaa-nxp.a(clock_18xx_43xx.o)
                0x000000001a001b08                Chip_Clock_GetRate
 .text.Chip_GPIO_Init
                0x000000001a001b90       0x14 build/lib/boards/edu-ciaa-nxp.a(gpio_18xx_43xx.o)
                0x000000001a001b90                Chip_GPIO_Init
 .text.enableClk
                0x000000001a001ba4       0x30 build/lib/boards/edu-ciaa-nxp.a(i2c_18xx_43xx.o)
 .text.getClkRate
                0x000000001a001bd4       0x30 build/lib/boards/edu-ciaa-nxp.a(i2c_18xx_43xx.o)
 .text.Chip_I2C_EventHandler
                0x000000001a001c04       0x4c build/lib/boards/edu-ciaa-nxp.a(i2c_18xx_43xx.o)
                0x000000001a001c04                Chip_I2C_EventHandler
 .text.Chip_I2C_Init
                0x000000001a001c50       0x34 build/lib/boards/edu-ciaa-nxp.a(i2c_18xx_43xx.o)
                0x000000001a001c50                Chip_I2C_Init
 .text.Chip_I2C_SetClockRate
                0x000000001a001c84       0x68 build/lib/boards/edu-ciaa-nxp.a(i2c_18xx_43xx.o)
                0x000000001a001c84                Chip_I2C_SetClockRate
 .text.Chip_SSP_SetFormat
                0x000000001a001cec       0x32 build/lib/boards/edu-ciaa-nxp.a(ssp_18xx_43xx.o)
 .text.Chip_SSP_Set_Mode
                0x000000001a001d1e       0x26 build/lib/boards/edu-ciaa-nxp.a(ssp_18xx_43xx.o)
 .text.Chip_SSP_GetClockIndex
                0x000000001a001d44       0x2c build/lib/boards/edu-ciaa-nxp.a(ssp_18xx_43xx.o)
 .text.Chip_SSP_GetPeriphClockIndex
                0x000000001a001d70       0x30 build/lib/boards/edu-ciaa-nxp.a(ssp_18xx_43xx.o)
 .text.Chip_SSP_SetClockRate
                0x000000001a001da0       0x36 build/lib/boards/edu-ciaa-nxp.a(ssp_18xx_43xx.o)
                0x000000001a001da0                Chip_SSP_SetClockRate
 .text.Chip_SSP_SetBitRate
                0x000000001a001dd6       0x74 build/lib/boards/edu-ciaa-nxp.a(ssp_18xx_43xx.o)
                0x000000001a001dd6                Chip_SSP_SetBitRate
 *fill*         0x000000001a001e4a        0x2 
 .text.Chip_SSP_Init
                0x000000001a001e4c       0x4c build/lib/boards/edu-ciaa-nxp.a(ssp_18xx_43xx.o)
                0x000000001a001e4c                Chip_SSP_Init
 .text.Chip_Clock_DisableMainPLL
                0x000000001a001e98       0x20 build/lib/boards/edu-ciaa-nxp.a(sysinit_18xx_43xx.o)
 .text.Chip_Clock_SetupMainPLL
                0x000000001a001eb8       0x48 build/lib/boards/edu-ciaa-nxp.a(sysinit_18xx_43xx.o)
 .text.Chip_Clock_MainPLLLocked
                0x000000001a001f00       0x24 build/lib/boards/edu-ciaa-nxp.a(sysinit_18xx_43xx.o)
 .text.Chip_SetupCoreClock
                0x000000001a001f24      0x148 build/lib/boards/edu-ciaa-nxp.a(sysinit_18xx_43xx.o)
                0x000000001a001f24                Chip_SetupCoreClock
 .text.Chip_UART_TXDisable
                0x000000001a00206c       0x1a build/lib/boards/edu-ciaa-nxp.a(uart_18xx_43xx.o)
 .text.Chip_UART_SetupFIFOS
                0x000000001a002086       0x1c build/lib/boards/edu-ciaa-nxp.a(uart_18xx_43xx.o)
 .text.Chip_UART_ConfigData
                0x000000001a0020a2       0x1c build/lib/boards/edu-ciaa-nxp.a(uart_18xx_43xx.o)
 .text.Chip_UART_EnableDivisorAccess
                0x000000001a0020be       0x20 build/lib/boards/edu-ciaa-nxp.a(uart_18xx_43xx.o)
 .text.Chip_UART_DisableDivisorAccess
                0x000000001a0020de       0x20 build/lib/boards/edu-ciaa-nxp.a(uart_18xx_43xx.o)
 .text.Chip_UART_SetDivisorLatches
                0x000000001a0020fe       0x28 build/lib/boards/edu-ciaa-nxp.a(uart_18xx_43xx.o)
 *fill*         0x000000001a002126        0x2 
 .text.Chip_UART_GetIndex
                0x000000001a002128       0x6c build/lib/boards/edu-ciaa-nxp.a(uart_18xx_43xx.o)
 .text.Chip_UART_Init
                0x000000001a002194       0x88 build/lib/boards/edu-ciaa-nxp.a(uart_18xx_43xx.o)
                0x000000001a002194                Chip_UART_Init
 .text.Chip_UART_SetBaudFDR
                0x000000001a00221c      0x180 build/lib/boards/edu-ciaa-nxp.a(uart_18xx_43xx.o)
                0x000000001a00221c                Chip_UART_SetBaudFDR
 .text          0x000000001a00239c       0x30 /home/pablo/eiti/2022/embebidos/gcc/gcc-arm/bin/../lib/gcc/arm-none-eabi/10.3.1/thumb/v7e-m+fp/softfp/libgcc.a(_aeabi_uldivmod.o)
                0x000000001a00239c                __aeabi_uldivmod
 .text          0x000000001a0023cc      0x2d0 /home/pablo/eiti/2022/embebidos/gcc/gcc-arm/bin/../lib/gcc/arm-none-eabi/10.3.1/thumb/v7e-m+fp/softfp/libgcc.a(_udivmoddi4.o)
                0x000000001a0023cc                __udivmoddi4
 .text          0x000000001a00269c        0x4 /home/pablo/eiti/2022/embebidos/gcc/gcc-arm/bin/../lib/gcc/arm-none-eabi/10.3.1/thumb/v7e-m+fp/softfp/libgcc.a(_dvmd_tls.o)
                0x000000001a00269c                __aeabi_ldiv0
                0x000000001a00269c                __aeabi_idiv0
 .text.__libc_init_array
                0x000000001a0026a0       0x48 /home/pablo/eiti/2022/embebidos/gcc/gcc-arm/bin/../lib/gcc/arm-none-eabi/10.3.1/../../../../arm-none-eabi/lib/thumb/v7e-m+fp/softfp/libc_nano.a(lib_a-init.o)
                0x000000001a0026a0                __libc_init_array
 .text.memset   0x000000001a0026e8       0x10 /home/pablo/eiti/2022/embebidos/gcc/gcc-arm/bin/../lib/gcc/arm-none-eabi/10.3.1/../../../../arm-none-eabi/lib/thumb/v7e-m+fp/softfp/libc_nano.a(lib_a-memset.o)
                0x000000001a0026e8                memset
 *(.rodata .rodata.* .constdata .constdata.*)
 .rodata.display_driver.0
                0x000000001a0026f8        0xc build/obj/src/bsp.o
 .rodata.IMAGES
                0x000000001a002704        0xa build/obj/src/pantalla.o
 *fill*         0x000000001a00270e        0x2 
 .rodata.ExtRateIn
                0x000000001a002710        0x4 build/lib/boards/edu-ciaa-nxp.a(board_lpcopen.o)
                0x000000001a002710                ExtRateIn
 .rodata.OscRateIn
                0x000000001a002714        0x4 build/lib/boards/edu-ciaa-nxp.a(board_lpcopen.o)
                0x000000001a002714                OscRateIn
 .rodata.GpioLeds
                0x000000001a002718        0xc build/lib/boards/edu-ciaa-nxp.a(board_lpcopen.o)
 .rodata.GpioButtons
                0x000000001a002724        0x8 build/lib/boards/edu-ciaa-nxp.a(board_lpcopen.o)
 .rodata.GpioPorts
                0x000000001a00272c       0x12 build/lib/boards/edu-ciaa-nxp.a(board_lpcopen.o)
 *fill*         0x000000001a00273e        0x2 
 .rodata.InitClkStates
                0x000000001a002740        0x4 build/lib/boards/edu-ciaa-nxp.a(board_sysinit.o)
 .rodata.pinmuxing
                0x000000001a002744       0x74 build/lib/boards/edu-ciaa-nxp.a(board_sysinit.o)
 .rodata.periph_to_base
                0x000000001a0027b8       0x6c build/lib/boards/edu-ciaa-nxp.a(clock_18xx_43xx.o)
 .rodata        0x000000001a002824        0x6 build/lib/boards/edu-ciaa-nxp.a(clock_18xx_43xx.o)
 *fill*         0x000000001a00282a        0x2 
 .rodata.InitClkStates
                0x000000001a00282c       0x48 build/lib/boards/edu-ciaa-nxp.a(sysinit_18xx_43xx.o)
 .rodata.UART_PClock
                0x000000001a002874        0x8 build/lib/boards/edu-ciaa-nxp.a(uart_18xx_43xx.o)
 .rodata.UART_BClock
                0x000000001a00287c        0x8 build/lib/boards/edu-ciaa-nxp.a(uart_18xx_43xx.o)
                0x000000001a002884                . = ALIGN (0x4)

.ARM.extab
 *(.ARM.extab* .gnu.linkonce.armextab.*)
                0x000000001a002884                __exidx_start = .

.ARM.exidx      0x000000001a002884        0x8
 *(.ARM.exidx* .gnu.linkonce.armexidx.*)
 .ARM.exidx     0x000000001a002884        0x8 /home/pablo/eiti/2022/embebidos/gcc/gcc-arm/bin/../lib/gcc/arm-none-eabi/10.3.1/thumb/v7e-m+fp/softfp/libgcc.a(_udivmoddi4.o)
                0x000000001a00288c                __exidx_end = .
                0x000000001a00288c                _etext = .

.rel.dyn        0x000000001a00288c        0x0
 .rel.iplt      0x000000001a00288c        0x0 build/obj/src/bsp.o

.data_RAM2      0x0000000010080000        0x0 load address 0x000000001a00288c
 FILL mask 0xff
 *(.ramfunc.$RAM2)
 *(.ramfunc.$RamLoc40)
 *(.data.$RAM2*)
 *(.data.$RamLoc40*)
                0x0000000010080000                . = ALIGN (0x4)

.data_RAM3      0x0000000020000000        0x0 load address 0x000000001a00288c
 FILL mask 0xff
 *(.ramfunc.$RAM3)
 *(.ramfunc.$RamAHB32)
 *(.data.$RAM3*)
 *(.data.$RamAHB32*)
                0x0000000020000000                . = ALIGN (0x4)

.data_RAM4      0x0000000020008000        0x0 load address 0x000000001a00288c
 FILL mask 0xff
 *(.ramfunc.$RAM4)
 *(.ramfunc.$RamAHB16)
 *(.data.$RAM4*)
 *(.data.$RamAHB16*)
                0x0000000020008000                . = ALIGN (0x4)

.data_RAM5      0x000000002000c000        0x0 load address 0x000000001a00288c
 FILL mask 0xff
 *(.ramfunc.$RAM5)
 *(.ramfunc.$RamAHB_ETB16)
 *(.data.$RAM5*)
 *(.data.$RamAHB_ETB16*)
                0x000000002000c000                . = ALIGN (0x4)

.uninit_RESERVED
                0x0000000010000000        0x0
 *(.bss.$RESERVED*)
                0x0000000010000000                . = ALIGN (0x4)
                0x0000000010000000                _end_uninit_RESERVED = .

.data           0x0000000010000000       0x38 load address 0x000000001a00288c
 FILL mask 0xff
                0x0000000010000000                _data = .
 *(vtable)
 *(.ramfunc*)
 *(.data*)
 .data.i2c      0x0000000010000000       0x38 build/lib/boards/edu-ciaa-nxp.a(i2c_18xx_43xx.o)
                0x0000000010000038                . = ALIGN (0x4)
                0x0000000010000038                _edata = .

.igot.plt       0x0000000010000038        0x0 load address 0x000000001a0028c4
 .igot.plt      0x0000000010000038        0x0 build/obj/src/bsp.o

.bss_RAM2       0x0000000010080000        0x0
 *(.bss.$RAM2*)
 *(.bss.$RamLoc40*)
                0x0000000010080000                . = ALIGN (0x4)

.bss_RAM3       0x0000000020000000        0x0
 *(.bss.$RAM3*)
 *(.bss.$RamAHB32*)
                0x0000000020000000                . = ALIGN (0x4)

.bss_RAM4       0x0000000020008000        0x0
 *(.bss.$RAM4*)
 *(.bss.$RamAHB16*)
                0x0000000020008000                . = ALIGN (0x4)

.bss_RAM5       0x000000002000c000        0x0
 *(.bss.$RAM5*)
 *(.bss.$RamAHB_ETB16*)
                0x000000002000c000                . = ALIGN (0x4)

.bss            0x0000000010000038       0x70
                0x0000000010000038                _bss = .
 *(.bss*)
 .bss.board     0x0000000010000038       0x20 build/obj/src/bsp.o
 .bss.instances.1
                0x0000000010000058       0x1e build/obj/src/digital.o
 *fill*         0x0000000010000076        0x2 
 .bss.instances.0
                0x0000000010000078        0xc build/obj/src/digital.o
 .bss.instances
                0x0000000010000084       0x18 build/obj/src/pantalla.o
 .bss.SystemCoreClock
                0x000000001000009c        0x4 build/lib/boards/edu-ciaa-nxp.a(chip_18xx_43xx.o)
                0x000000001000009c                SystemCoreClock
 .bss.audio_usb_pll_freq
                0x00000000100000a0        0x8 build/lib/boards/edu-ciaa-nxp.a(clock_18xx_43xx.o)
 *(COMMON)
                0x00000000100000a8                . = ALIGN (0x4)
                0x00000000100000a8                _ebss = .
                [!provide]                        PROVIDE (end = .)

.noinit_RAM2    0x0000000010080000        0x0
 *(.noinit.$RAM2*)
 *(.noinit.$RamLoc40*)
                0x0000000010080000                . = ALIGN (0x4)

.noinit_RAM3    0x0000000020000000        0x0
 *(.noinit.$RAM3*)
 *(.noinit.$RamAHB32*)
                0x0000000020000000                . = ALIGN (0x4)

.noinit_RAM4    0x0000000020008000        0x0
 *(.noinit.$RAM4*)
 *(.noinit.$RamAHB16*)
                0x0000000020008000                . = ALIGN (0x4)

.noinit_RAM5    0x000000002000c000        0x0
 *(.noinit.$RAM5*)
 *(.noinit.$RamAHB_ETB16*)
                0x000000002000c000                . = ALIGN (0x4)

.noinit         0x00000000100000a8        0x0
                0x00000000100000a8                _noinit = .
 *(.noinit*)
                0x00000000100000a8                . = ALIGN (0x4)
                0x00000000100000a8                _end_noinit = .
                [!provide]                        PROVIDE (_pvHeapStart = .)
                0x0000000010008000                PROVIDE (_vStackTop = (__top_RamLoc32 - 0x0))
                0xffffffff53ff7002                PROVIDE (__valid_user_code_checksum = (0x0 - ((((((_vStackTop + (Reset_Handler + 0x1)) + (NMI_Handler + 0x1)) + (HardFault_Handler + 0x1)) + (DEFINED (MemManage_Handler)?MemManage_Handler:0x0 + 0x1)) + (DEFINED (BusFault_Handler)?BusFault_Handler:0x0 + 0x1)) + (DEFINED (UsageFault_Handler)?UsageFault_Handler:0x0 + 0x1))))
OUTPUT(build/bin/tp04.elf elf32-littlearm)
LOAD linker stubs

.debug_info     0x0000000000000000     0xa24c
 .debug_info    0x0000000000000000      0xc0e build/obj/src/bsp.o
 .debug_info    0x0000000000000c0e      0x6d8 build/obj/src/digital.o
 .debug_info    0x00000000000012e6      0x1cb build/obj/src/main.o
 .debug_info    0x00000000000014b1      0x299 build/obj/src/pantalla.o
 .debug_info    0x000000000000174a      0x2b5 build/lib/boards/edu-ciaa-nxp.a(armv7m_startup.o)
 .debug_info    0x00000000000019ff      0x33e build/lib/boards/edu-ciaa-nxp.a(sysinit.o)
 .debug_info    0x0000000000001d3d     0x14c8 build/lib/boards/edu-ciaa-nxp.a(board_lpcopen.o)
 .debug_info    0x0000000000003205      0xbce build/lib/boards/edu-ciaa-nxp.a(board_sysinit.o)
 .debug_info    0x0000000000003dd3      0x9c1 build/lib/boards/edu-ciaa-nxp.a(adc_18xx_43xx.o)
 .debug_info    0x0000000000004794      0xa65 build/lib/boards/edu-ciaa-nxp.a(chip_18xx_43xx.o)
 .debug_info    0x00000000000051f9     0x1678 build/lib/boards/edu-ciaa-nxp.a(clock_18xx_43xx.o)
 .debug_info    0x0000000000006871      0x1e1 build/lib/boards/edu-ciaa-nxp.a(gpio_18xx_43xx.o)
 .debug_info    0x0000000000006a52     0x10f4 build/lib/boards/edu-ciaa-nxp.a(i2c_18xx_43xx.o)
 .debug_info    0x0000000000007b46      0xc7d build/lib/boards/edu-ciaa-nxp.a(ssp_18xx_43xx.o)
 .debug_info    0x00000000000087c3      0x921 build/lib/boards/edu-ciaa-nxp.a(sysinit_18xx_43xx.o)
 .debug_info    0x00000000000090e4     0x1168 build/lib/boards/edu-ciaa-nxp.a(uart_18xx_43xx.o)

.debug_abbrev   0x0000000000000000     0x1dcd
 .debug_abbrev  0x0000000000000000      0x201 build/obj/src/bsp.o
 .debug_abbrev  0x0000000000000201      0x1fa build/obj/src/digital.o
 .debug_abbrev  0x00000000000003fb       0xbf build/obj/src/main.o
 .debug_abbrev  0x00000000000004ba       0xf8 build/obj/src/pantalla.o
 .debug_abbrev  0x00000000000005b2       0xfd build/lib/boards/edu-ciaa-nxp.a(armv7m_startup.o)
 .debug_abbrev  0x00000000000006af       0xfd build/lib/boards/edu-ciaa-nxp.a(sysinit.o)
 .debug_abbrev  0x00000000000007ac      0x394 build/lib/boards/edu-ciaa-nxp.a(board_lpcopen.o)
 .debug_abbrev  0x0000000000000b40      0x1d0 build/lib/boards/edu-ciaa-nxp.a(board_sysinit.o)
 .debug_abbrev  0x0000000000000d10      0x1d2 build/lib/boards/edu-ciaa-nxp.a(adc_18xx_43xx.o)
 .debug_abbrev  0x0000000000000ee2      0x173 build/lib/boards/edu-ciaa-nxp.a(chip_18xx_43xx.o)
 .debug_abbrev  0x0000000000001055      0x2fc build/lib/boards/edu-ciaa-nxp.a(clock_18xx_43xx.o)
 .debug_abbrev  0x0000000000001351       0xe7 build/lib/boards/edu-ciaa-nxp.a(gpio_18xx_43xx.o)
 .debug_abbrev  0x0000000000001438      0x298 build/lib/boards/edu-ciaa-nxp.a(i2c_18xx_43xx.o)
 .debug_abbrev  0x00000000000016d0      0x262 build/lib/boards/edu-ciaa-nxp.a(ssp_18xx_43xx.o)
 .debug_abbrev  0x0000000000001932      0x196 build/lib/boards/edu-ciaa-nxp.a(sysinit_18xx_43xx.o)
 .debug_abbrev  0x0000000000001ac8      0x305 build/lib/boards/edu-ciaa-nxp.a(uart_18xx_43xx.o)

.debug_aranges  0x0000000000000000      0x958
 .debug_aranges
                0x0000000000000000       0x98 build/obj/src/bsp.o
 .debug_aranges
                0x0000000000000098       0xa0 build/obj/src/digital.o
 .debug_aranges
                0x0000000000000138       0x20 build/obj/src/main.o
 .debug_aranges
                0x0000000000000158       0x30 build/obj/src/pantalla.o
 .debug_aranges
                0x0000000000000188       0x90 build/lib/boards/edu-ciaa-nxp.a(armv7m_startup.o)
 .debug_aranges
                0x0000000000000218       0x28 build/lib/boards/edu-ciaa-nxp.a(sysinit.o)
 .debug_aranges
                0x0000000000000240      0x130 build/lib/boards/edu-ciaa-nxp.a(board_lpcopen.o)
 .debug_aranges
                0x0000000000000370       0x48 build/lib/boards/edu-ciaa-nxp.a(board_sysinit.o)
 .debug_aranges
                0x00000000000003b8       0x98 build/lib/boards/edu-ciaa-nxp.a(adc_18xx_43xx.o)
 .debug_aranges
                0x0000000000000450       0x40 build/lib/boards/edu-ciaa-nxp.a(chip_18xx_43xx.o)
 .debug_aranges
                0x0000000000000490      0x138 build/lib/boards/edu-ciaa-nxp.a(clock_18xx_43xx.o)
 .debug_aranges
                0x00000000000005c8       0x28 build/lib/boards/edu-ciaa-nxp.a(gpio_18xx_43xx.o)
 .debug_aranges
                0x00000000000005f0      0x118 build/lib/boards/edu-ciaa-nxp.a(i2c_18xx_43xx.o)
 .debug_aranges
                0x0000000000000708       0xe8 build/lib/boards/edu-ciaa-nxp.a(ssp_18xx_43xx.o)
 .debug_aranges
                0x00000000000007f0       0x50 build/lib/boards/edu-ciaa-nxp.a(sysinit_18xx_43xx.o)
 .debug_aranges
                0x0000000000000840      0x118 build/lib/boards/edu-ciaa-nxp.a(uart_18xx_43xx.o)

.debug_ranges   0x0000000000000000      0x8a0
 .debug_ranges  0x0000000000000000       0x88 build/obj/src/bsp.o
 .debug_ranges  0x0000000000000088       0x90 build/obj/src/digital.o
 .debug_ranges  0x0000000000000118       0x10 build/obj/src/main.o
 .debug_ranges  0x0000000000000128       0x38 build/obj/src/pantalla.o
 .debug_ranges  0x0000000000000160       0x80 build/lib/boards/edu-ciaa-nxp.a(armv7m_startup.o)
 .debug_ranges  0x00000000000001e0       0x18 build/lib/boards/edu-ciaa-nxp.a(sysinit.o)
 .debug_ranges  0x00000000000001f8      0x120 build/lib/boards/edu-ciaa-nxp.a(board_lpcopen.o)
 .debug_ranges  0x0000000000000318       0x38 build/lib/boards/edu-ciaa-nxp.a(board_sysinit.o)
 .debug_ranges  0x0000000000000350       0x88 build/lib/boards/edu-ciaa-nxp.a(adc_18xx_43xx.o)
 .debug_ranges  0x00000000000003d8       0x30 build/lib/boards/edu-ciaa-nxp.a(chip_18xx_43xx.o)
 .debug_ranges  0x0000000000000408      0x140 build/lib/boards/edu-ciaa-nxp.a(clock_18xx_43xx.o)
 .debug_ranges  0x0000000000000548       0x18 build/lib/boards/edu-ciaa-nxp.a(gpio_18xx_43xx.o)
 .debug_ranges  0x0000000000000560      0x108 build/lib/boards/edu-ciaa-nxp.a(i2c_18xx_43xx.o)
 .debug_ranges  0x0000000000000668       0xd8 build/lib/boards/edu-ciaa-nxp.a(ssp_18xx_43xx.o)
 .debug_ranges  0x0000000000000740       0x40 build/lib/boards/edu-ciaa-nxp.a(sysinit_18xx_43xx.o)
 .debug_ranges  0x0000000000000780      0x120 build/lib/boards/edu-ciaa-nxp.a(uart_18xx_43xx.o)

.debug_macro    0x0000000000000000     0x90c3
 .debug_macro   0x0000000000000000      0x335 build/obj/src/bsp.o
 .debug_macro   0x0000000000000335      0xa96 build/obj/src/bsp.o
 .debug_macro   0x0000000000000dcb       0x22 build/obj/src/bsp.o
 .debug_macro   0x0000000000000ded       0x22 build/obj/src/bsp.o
 .debug_macro   0x0000000000000e0f       0x8e build/obj/src/bsp.o
 .debug_macro   0x0000000000000e9d       0x51 build/obj/src/bsp.o
 .debug_macro   0x0000000000000eee      0x103 build/obj/src/bsp.o
 .debug_macro   0x0000000000000ff1       0x6a build/obj/src/bsp.o
 .debug_macro   0x000000000000105b      0x1df build/obj/src/bsp.o
 .debug_macro   0x000000000000123a       0x3a build/obj/src/bsp.o
 .debug_macro   0x0000000000001274       0x10 build/obj/src/bsp.o
 .debug_macro   0x0000000000001284       0x79 build/obj/src/bsp.o
 .debug_macro   0x00000000000012fd       0x22 build/obj/src/bsp.o
 .debug_macro   0x000000000000131f       0x1c build/obj/src/bsp.o
 .debug_macro   0x000000000000133b       0x22 build/obj/src/bsp.o
 .debug_macro   0x000000000000135d       0xd9 build/obj/src/bsp.o
 .debug_macro   0x0000000000001436     0x102d build/obj/src/bsp.o
 .debug_macro   0x0000000000002463      0x11f build/obj/src/bsp.o
 .debug_macro   0x0000000000002582      0x2c3 build/obj/src/bsp.o
 .debug_macro   0x0000000000002845      0x112 build/obj/src/bsp.o
 .debug_macro   0x0000000000002957       0x11 build/obj/src/bsp.o
 .debug_macro   0x0000000000002968       0x2a build/obj/src/bsp.o
 .debug_macro   0x0000000000002992       0x16 build/obj/src/bsp.o
 .debug_macro   0x00000000000029a8      0x2e6 build/obj/src/bsp.o
 .debug_macro   0x0000000000002c8e       0x82 build/obj/src/bsp.o
 .debug_macro   0x0000000000002d10      0x13d build/obj/src/bsp.o
 .debug_macro   0x0000000000002e4d      0x198 build/obj/src/bsp.o
 .debug_macro   0x0000000000002fe5       0x34 build/obj/src/bsp.o
 .debug_macro   0x0000000000003019       0x58 build/obj/src/bsp.o
 .debug_macro   0x0000000000003071      0x236 build/obj/src/bsp.o
 .debug_macro   0x00000000000032a7      0x572 build/obj/src/bsp.o
 .debug_macro   0x0000000000003819       0x16 build/obj/src/bsp.o
 .debug_macro   0x000000000000382f      0x18a build/obj/src/bsp.o
 .debug_macro   0x00000000000039b9       0x88 build/obj/src/bsp.o
 .debug_macro   0x0000000000003a41      0x1b9 build/obj/src/bsp.o
 .debug_macro   0x0000000000003bfa      0x1da build/obj/src/bsp.o
 .debug_macro   0x0000000000003dd4       0x40 build/obj/src/bsp.o
 .debug_macro   0x0000000000003e14       0x1c build/obj/src/bsp.o
 .debug_macro   0x0000000000003e30       0x2e build/obj/src/bsp.o
 .debug_macro   0x0000000000003e5e       0x2e build/obj/src/bsp.o
 .debug_macro   0x0000000000003e8c       0x22 build/obj/src/bsp.o
 .debug_macro   0x0000000000003eae      0x201 build/obj/src/bsp.o
 .debug_macro   0x00000000000040af       0xe0 build/obj/src/bsp.o
 .debug_macro   0x000000000000418f      0x34c build/obj/src/bsp.o
 .debug_macro   0x00000000000044db       0xdc build/obj/src/bsp.o
 .debug_macro   0x00000000000045b7       0xc4 build/obj/src/bsp.o
 .debug_macro   0x000000000000467b       0x8f build/obj/src/bsp.o
 .debug_macro   0x000000000000470a       0x94 build/obj/src/bsp.o
 .debug_macro   0x000000000000479e       0xb8 build/obj/src/bsp.o
 .debug_macro   0x0000000000004856       0x4c build/obj/src/bsp.o
 .debug_macro   0x00000000000048a2       0x16 build/obj/src/bsp.o
 .debug_macro   0x00000000000048b8      0x328 build/obj/src/bsp.o
 .debug_macro   0x0000000000004be0       0x3a build/obj/src/bsp.o
 .debug_macro   0x0000000000004c1a       0xd0 build/obj/src/bsp.o
 .debug_macro   0x0000000000004cea       0x18 build/obj/src/bsp.o
 .debug_macro   0x0000000000004d02       0x22 build/obj/src/bsp.o
 .debug_macro   0x0000000000004d24       0x40 build/obj/src/bsp.o
 .debug_macro   0x0000000000004d64      0x2ce build/obj/src/bsp.o
 .debug_macro   0x0000000000005032      0x325 build/obj/src/digital.o
 .debug_macro   0x0000000000005357      0x33f build/obj/src/main.o
 .debug_macro   0x0000000000005696      0x2c8 build/obj/src/main.o
 .debug_macro   0x000000000000595e      0x137 build/obj/src/pantalla.o
 .debug_macro   0x0000000000005a95       0x34 build/obj/src/pantalla.o
 .debug_macro   0x0000000000005ac9       0x64 build/obj/src/pantalla.o
 .debug_macro   0x0000000000005b2d       0x1e build/obj/src/pantalla.o
 .debug_macro   0x0000000000005b4b       0x35 build/obj/src/pantalla.o
 .debug_macro   0x0000000000005b80       0x34 build/obj/src/pantalla.o
 .debug_macro   0x0000000000005bb4      0x174 build/obj/src/pantalla.o
 .debug_macro   0x0000000000005d28       0x16 build/obj/src/pantalla.o
 .debug_macro   0x0000000000005d3e       0x43 build/obj/src/pantalla.o
 .debug_macro   0x0000000000005d81       0x34 build/obj/src/pantalla.o
 .debug_macro   0x0000000000005db5       0x10 build/obj/src/pantalla.o
 .debug_macro   0x0000000000005dc5       0x58 build/obj/src/pantalla.o
 .debug_macro   0x0000000000005e1d      0x182 build/obj/src/pantalla.o
 .debug_macro   0x0000000000005f9f      0x341 build/obj/src/pantalla.o
 .debug_macro   0x00000000000062e0       0x10 build/obj/src/pantalla.o
 .debug_macro   0x00000000000062f0       0x35 build/obj/src/pantalla.o
 .debug_macro   0x0000000000006325       0x1d build/lib/boards/edu-ciaa-nxp.a(armv7m_startup.o)
 .debug_macro   0x0000000000006342      0x48c build/lib/boards/edu-ciaa-nxp.a(sysinit.o)
 .debug_macro   0x00000000000067ce       0x73 build/lib/boards/edu-ciaa-nxp.a(sysinit.o)
 .debug_macro   0x0000000000006841       0x16 build/lib/boards/edu-ciaa-nxp.a(sysinit.o)
 .debug_macro   0x0000000000006857       0x97 build/lib/boards/edu-ciaa-nxp.a(sysinit.o)
 .debug_macro   0x00000000000068ee       0xfd build/lib/boards/edu-ciaa-nxp.a(sysinit.o)
 .debug_macro   0x00000000000069eb       0x10 build/lib/boards/edu-ciaa-nxp.a(sysinit.o)
 .debug_macro   0x00000000000069fb       0x10 build/lib/boards/edu-ciaa-nxp.a(sysinit.o)
 .debug_macro   0x0000000000006a0b       0x1c build/lib/boards/edu-ciaa-nxp.a(sysinit.o)
 .debug_macro   0x0000000000006a27       0x52 build/lib/boards/edu-ciaa-nxp.a(sysinit.o)
 .debug_macro   0x0000000000006a79       0x22 build/lib/boards/edu-ciaa-nxp.a(sysinit.o)
 .debug_macro   0x0000000000006a9b       0x10 build/lib/boards/edu-ciaa-nxp.a(sysinit.o)
 .debug_macro   0x0000000000006aab       0x52 build/lib/boards/edu-ciaa-nxp.a(sysinit.o)
 .debug_macro   0x0000000000006afd       0xd5 build/lib/boards/edu-ciaa-nxp.a(sysinit.o)
 .debug_macro   0x0000000000006bd2       0x1c build/lib/boards/edu-ciaa-nxp.a(sysinit.o)
 .debug_macro   0x0000000000006bee       0x3d build/lib/boards/edu-ciaa-nxp.a(sysinit.o)
 .debug_macro   0x0000000000006c2b       0x16 build/lib/boards/edu-ciaa-nxp.a(sysinit.o)
 .debug_macro   0x0000000000006c41      0x16f build/lib/boards/edu-ciaa-nxp.a(sysinit.o)
 .debug_macro   0x0000000000006db0       0x20 build/lib/boards/edu-ciaa-nxp.a(sysinit.o)
 .debug_macro   0x0000000000006dd0      0x109 build/lib/boards/edu-ciaa-nxp.a(sysinit.o)
 .debug_macro   0x0000000000006ed9      0x49e build/lib/boards/edu-ciaa-nxp.a(board_lpcopen.o)
 .debug_macro   0x0000000000007377      0x48c build/lib/boards/edu-ciaa-nxp.a(board_sysinit.o)
 .debug_macro   0x0000000000007803      0x315 build/lib/boards/edu-ciaa-nxp.a(adc_18xx_43xx.o)
 .debug_macro   0x0000000000007b18      0x315 build/lib/boards/edu-ciaa-nxp.a(chip_18xx_43xx.o)
 .debug_macro   0x0000000000007e2d      0x31b build/lib/boards/edu-ciaa-nxp.a(clock_18xx_43xx.o)
 .debug_macro   0x0000000000008148      0x315 build/lib/boards/edu-ciaa-nxp.a(gpio_18xx_43xx.o)
 .debug_macro   0x000000000000845d      0x327 build/lib/boards/edu-ciaa-nxp.a(i2c_18xx_43xx.o)
 .debug_macro   0x0000000000008784      0x315 build/lib/boards/edu-ciaa-nxp.a(ssp_18xx_43xx.o)
 .debug_macro   0x0000000000008a99      0x315 build/lib/boards/edu-ciaa-nxp.a(sysinit_18xx_43xx.o)
 .debug_macro   0x0000000000008dae      0x315 build/lib/boards/edu-ciaa-nxp.a(uart_18xx_43xx.o)

.debug_line     0x0000000000000000     0x9c2a
 .debug_line    0x0000000000000000      0x98f build/obj/src/bsp.o
 .debug_line    0x000000000000098f      0xa25 build/obj/src/digital.o
 .debug_line    0x00000000000013b4      0x7a2 build/obj/src/main.o
 .debug_line    0x0000000000001b56      0x39a build/obj/src/pantalla.o
 .debug_line    0x0000000000001ef0      0x1fe build/lib/boards/edu-ciaa-nxp.a(armv7m_startup.o)
 .debug_line    0x00000000000020ee      0x90a build/lib/boards/edu-ciaa-nxp.a(sysinit.o)
 .debug_line    0x00000000000029f8      0xd5f build/lib/boards/edu-ciaa-nxp.a(board_lpcopen.o)
 .debug_line    0x0000000000003757      0x9d2 build/lib/boards/edu-ciaa-nxp.a(board_sysinit.o)
 .debug_line    0x0000000000004129      0x9bc build/lib/boards/edu-ciaa-nxp.a(adc_18xx_43xx.o)
 .debug_line    0x0000000000004ae5      0x7dc build/lib/boards/edu-ciaa-nxp.a(chip_18xx_43xx.o)
 .debug_line    0x00000000000052c1     0x10d9 build/lib/boards/edu-ciaa-nxp.a(clock_18xx_43xx.o)
 .debug_line    0x000000000000639a      0x746 build/lib/boards/edu-ciaa-nxp.a(gpio_18xx_43xx.o)
 .debug_line    0x0000000000006ae0      0xdee build/lib/boards/edu-ciaa-nxp.a(i2c_18xx_43xx.o)
 .debug_line    0x00000000000078ce      0xdbc build/lib/boards/edu-ciaa-nxp.a(ssp_18xx_43xx.o)
 .debug_line    0x000000000000868a      0x8c4 build/lib/boards/edu-ciaa-nxp.a(sysinit_18xx_43xx.o)
 .debug_line    0x0000000000008f4e      0xcdc build/lib/boards/edu-ciaa-nxp.a(uart_18xx_43xx.o)

.debug_str      0x0000000000000000    0x1e5ff
 .debug_str     0x0000000000000000    0x17d65 build/obj/src/bsp.o
                                      0x17f57 (size before relaxing)
 .debug_str     0x0000000000017d65      0x1b7 build/obj/src/digital.o
                                      0x16a42 (size before relaxing)
 .debug_str     0x0000000000017f1c       0x4d build/obj/src/main.o
                                      0x172ef (size before relaxing)
 .debug_str     0x0000000000017f69     0x2b89 build/obj/src/pantalla.o
                                       0x6960 (size before relaxing)
 .debug_str     0x000000000001aaf2      0x224 build/lib/boards/edu-ciaa-nxp.a(armv7m_startup.o)
                                       0x2f25 (size before relaxing)
 .debug_str     0x000000000001ad16     0x15cd build/lib/boards/edu-ciaa-nxp.a(sysinit.o)
                                      0x1a8be (size before relaxing)
 .debug_str     0x000000000001c2e3      0x81a build/lib/boards/edu-ciaa-nxp.a(board_lpcopen.o)
                                      0x1bb5a (size before relaxing)
 .debug_str     0x000000000001cafd      0x30d build/lib/boards/edu-ciaa-nxp.a(board_sysinit.o)
                                      0x1b5c1 (size before relaxing)
 .debug_str     0x000000000001ce0a      0x240 build/lib/boards/edu-ciaa-nxp.a(adc_18xx_43xx.o)
                                      0x17043 (size before relaxing)
 .debug_str     0x000000000001d04a       0xe8 build/lib/boards/edu-ciaa-nxp.a(chip_18xx_43xx.o)
                                      0x17516 (size before relaxing)
 .debug_str     0x000000000001d132      0x603 build/lib/boards/edu-ciaa-nxp.a(clock_18xx_43xx.o)
                                      0x17aa3 (size before relaxing)
 .debug_str     0x000000000001d735       0x6f build/lib/boards/edu-ciaa-nxp.a(gpio_18xx_43xx.o)
                                      0x16836 (size before relaxing)
 .debug_str     0x000000000001d7a4      0x5dc build/lib/boards/edu-ciaa-nxp.a(i2c_18xx_43xx.o)
                                      0x177de (size before relaxing)
 .debug_str     0x000000000001dd80      0x428 build/lib/boards/edu-ciaa-nxp.a(ssp_18xx_43xx.o)
                                      0x1723d (size before relaxing)
 .debug_str     0x000000000001e1a8       0xee build/lib/boards/edu-ciaa-nxp.a(sysinit_18xx_43xx.o)
                                      0x174e8 (size before relaxing)
 .debug_str     0x000000000001e296      0x369 build/lib/boards/edu-ciaa-nxp.a(uart_18xx_43xx.o)
                                      0x1765e (size before relaxing)

.comment        0x0000000000000000       0x49
 .comment       0x0000000000000000       0x49 build/obj/src/bsp.o
                                         0x4a (size before relaxing)
 .comment       0x0000000000000049       0x4a build/obj/src/digital.o
 .comment       0x0000000000000049       0x4a build/obj/src/main.o
 .comment       0x0000000000000049       0x4a build/obj/src/pantalla.o
 .comment       0x0000000000000049       0x4a build/lib/boards/edu-ciaa-nxp.a(armv7m_startup.o)
 .comment       0x0000000000000049       0x4a build/lib/boards/edu-ciaa-nxp.a(sysinit.o)
 .comment       0x0000000000000049       0x4a build/lib/boards/edu-ciaa-nxp.a(board_lpcopen.o)
 .comment       0x0000000000000049       0x4a build/lib/boards/edu-ciaa-nxp.a(board_sysinit.o)
 .comment       0x0000000000000049       0x4a build/lib/boards/edu-ciaa-nxp.a(adc_18xx_43xx.o)
 .comment       0x0000000000000049       0x4a build/lib/boards/edu-ciaa-nxp.a(chip_18xx_43xx.o)
 .comment       0x0000000000000049       0x4a build/lib/boards/edu-ciaa-nxp.a(clock_18xx_43xx.o)
 .comment       0x0000000000000049       0x4a build/lib/boards/edu-ciaa-nxp.a(gpio_18xx_43xx.o)
 .comment       0x0000000000000049       0x4a build/lib/boards/edu-ciaa-nxp.a(i2c_18xx_43xx.o)
 .comment       0x0000000000000049       0x4a build/lib/boards/edu-ciaa-nxp.a(ssp_18xx_43xx.o)
 .comment       0x0000000000000049       0x4a build/lib/boards/edu-ciaa-nxp.a(sysinit_18xx_43xx.o)
 .comment       0x0000000000000049       0x4a build/lib/boards/edu-ciaa-nxp.a(uart_18xx_43xx.o)

.ARM.attributes
                0x0000000000000000       0x32
 .ARM.attributes
                0x0000000000000000       0x32 build/obj/src/bsp.o
 .ARM.attributes
                0x0000000000000032       0x32 build/obj/src/digital.o
 .ARM.attributes
                0x0000000000000064       0x32 build/obj/src/main.o
 .ARM.attributes
                0x0000000000000096       0x32 build/obj/src/pantalla.o
 .ARM.attributes
                0x00000000000000c8       0x32 build/lib/boards/edu-ciaa-nxp.a(armv7m_startup.o)
 .ARM.attributes
                0x00000000000000fa       0x32 build/lib/boards/edu-ciaa-nxp.a(sysinit.o)
 .ARM.attributes
                0x000000000000012c       0x32 build/lib/boards/edu-ciaa-nxp.a(board_lpcopen.o)
 .ARM.attributes
                0x000000000000015e       0x32 build/lib/boards/edu-ciaa-nxp.a(board_sysinit.o)
 .ARM.attributes
                0x0000000000000190       0x32 build/lib/boards/edu-ciaa-nxp.a(adc_18xx_43xx.o)
 .ARM.attributes
                0x00000000000001c2       0x32 build/lib/boards/edu-ciaa-nxp.a(chip_18xx_43xx.o)
 .ARM.attributes
                0x00000000000001f4       0x32 build/lib/boards/edu-ciaa-nxp.a(clock_18xx_43xx.o)
 .ARM.attributes
                0x0000000000000226       0x32 build/lib/boards/edu-ciaa-nxp.a(gpio_18xx_43xx.o)
 .ARM.attributes
                0x0000000000000258       0x32 build/lib/boards/edu-ciaa-nxp.a(i2c_18xx_43xx.o)
 .ARM.attributes
                0x000000000000028a       0x32 build/lib/boards/edu-ciaa-nxp.a(ssp_18xx_43xx.o)
 .ARM.attributes
                0x00000000000002bc       0x32 build/lib/boards/edu-ciaa-nxp.a(sysinit_18xx_43xx.o)
 .ARM.attributes
                0x00000000000002ee       0x32 build/lib/boards/edu-ciaa-nxp.a(uart_18xx_43xx.o)
 .ARM.attributes
                0x0000000000000320       0x1e /home/pablo/eiti/2022/embebidos/gcc/gcc-arm/bin/../lib/gcc/arm-none-eabi/10.3.1/thumb/v7e-m+fp/softfp/libgcc.a(_aeabi_uldivmod.o)
 .ARM.attributes
                0x000000000000033e       0x32 /home/pablo/eiti/2022/embebidos/gcc/gcc-arm/bin/../lib/gcc/arm-none-eabi/10.3.1/thumb/v7e-m+fp/softfp/libgcc.a(_udivmoddi4.o)
 .ARM.attributes
                0x0000000000000370       0x1e /home/pablo/eiti/2022/embebidos/gcc/gcc-arm/bin/../lib/gcc/arm-none-eabi/10.3.1/thumb/v7e-m+fp/softfp/libgcc.a(_dvmd_tls.o)
 .ARM.attributes
                0x000000000000038e       0x32 /home/pablo/eiti/2022/embebidos/gcc/gcc-arm/bin/../lib/gcc/arm-none-eabi/10.3.1/../../../../arm-none-eabi/lib/thumb/v7e-m+fp/softfp/libc_nano.a(lib_a-init.o)
 .ARM.attributes
                0x00000000000003c0       0x32 /home/pablo/eiti/2022/embebidos/gcc/gcc-arm/bin/../lib/gcc/arm-none-eabi/10.3.1/../../../../arm-none-eabi/lib/thumb/v7e-m+fp/softfp/libc_nano.a(lib_a-memset.o)

.debug_frame    0x0000000000000000     0x2550
 .debug_frame   0x0000000000000000      0x230 build/obj/src/bsp.o
 .debug_frame   0x0000000000000230      0x294 build/obj/src/digital.o
 .debug_frame   0x00000000000004c4       0x30 build/obj/src/main.o
 .debug_frame   0x00000000000004f4       0x7c build/obj/src/pantalla.o
 .debug_frame   0x0000000000000570      0x1b8 build/lib/boards/edu-ciaa-nxp.a(armv7m_startup.o)
 .debug_frame   0x0000000000000728       0x54 build/lib/boards/edu-ciaa-nxp.a(sysinit.o)
 .debug_frame   0x000000000000077c      0x4f4 build/lib/boards/edu-ciaa-nxp.a(board_lpcopen.o)
 .debug_frame   0x0000000000000c70       0xe0 build/lib/boards/edu-ciaa-nxp.a(board_sysinit.o)
 .debug_frame   0x0000000000000d50      0x264 build/lib/boards/edu-ciaa-nxp.a(adc_18xx_43xx.o)
 .debug_frame   0x0000000000000fb4       0xa0 build/lib/boards/edu-ciaa-nxp.a(chip_18xx_43xx.o)
 .debug_frame   0x0000000000001054      0x568 build/lib/boards/edu-ciaa-nxp.a(clock_18xx_43xx.o)
 .debug_frame   0x00000000000015bc       0x60 build/lib/boards/edu-ciaa-nxp.a(gpio_18xx_43xx.o)
 .debug_frame   0x000000000000161c      0x4c8 build/lib/boards/edu-ciaa-nxp.a(i2c_18xx_43xx.o)
 .debug_frame   0x0000000000001ae4      0x3e8 build/lib/boards/edu-ciaa-nxp.a(ssp_18xx_43xx.o)
 .debug_frame   0x0000000000001ecc       0xf4 build/lib/boards/edu-ciaa-nxp.a(sysinit_18xx_43xx.o)
 .debug_frame   0x0000000000001fc0      0x4e4 build/lib/boards/edu-ciaa-nxp.a(uart_18xx_43xx.o)
 .debug_frame   0x00000000000024a4       0x2c /home/pablo/eiti/2022/embebidos/gcc/gcc-arm/bin/../lib/gcc/arm-none-eabi/10.3.1/thumb/v7e-m+fp/softfp/libgcc.a(_aeabi_uldivmod.o)
 .debug_frame   0x00000000000024d0       0x34 /home/pablo/eiti/2022/embebidos/gcc/gcc-arm/bin/../lib/gcc/arm-none-eabi/10.3.1/thumb/v7e-m+fp/softfp/libgcc.a(_udivmoddi4.o)
 .debug_frame   0x0000000000002504       0x2c /home/pablo/eiti/2022/embebidos/gcc/gcc-arm/bin/../lib/gcc/arm-none-eabi/10.3.1/../../../../arm-none-eabi/lib/thumb/v7e-m+fp/softfp/libc_nano.a(lib_a-init.o)
 .debug_frame   0x0000000000002530       0x20 /home/pablo/eiti/2022/embebidos/gcc/gcc-arm/bin/../lib/gcc/arm-none-eabi/10.3.1/../../../../arm-none-eabi/lib/thumb/v7e-m+fp/softfp/libc_nano.a(lib_a-memset.o)

Cross Reference Table

Symbol                                            File
BoardCreate                                       build/obj/src/bsp.o
                                                  build/obj/src/main.o
Board_ADC_ReadBegin                               build/lib/boards/edu-ciaa-nxp.a(board_lpcopen.o)
Board_ADC_ReadEnd                                 build/lib/boards/edu-ciaa-nxp.a(board_lpcopen.o)
Board_ADC_ReadWait                                build/lib/boards/edu-ciaa-nxp.a(board_lpcopen.o)
Board_Debug_Init                                  build/lib/boards/edu-ciaa-nxp.a(board_lpcopen.o)
Board_Init                                        build/lib/boards/edu-ciaa-nxp.a(board_lpcopen.o)
                                                  build/lib/boards/edu-ciaa-nxp.a(sysinit.o)
Board_LED_Set                                     build/lib/boards/edu-ciaa-nxp.a(board_lpcopen.o)
Board_LED_Test                                    build/lib/boards/edu-ciaa-nxp.a(board_lpcopen.o)
Board_LED_Toggle                                  build/lib/boards/edu-ciaa-nxp.a(board_lpcopen.o)
Board_SetupClocking                               build/lib/boards/edu-ciaa-nxp.a(board_sysinit.o)
Board_SetupMuxing                                 build/lib/boards/edu-ciaa-nxp.a(board_sysinit.o)
Board_SystemInit                                  build/lib/boards/edu-ciaa-nxp.a(board_sysinit.o)
                                                  build/lib/boards/edu-ciaa-nxp.a(sysinit.o)
Board_TEC_GetStatus                               build/lib/boards/edu-ciaa-nxp.a(board_lpcopen.o)
Board_UARTGetChar                                 build/lib/boards/edu-ciaa-nxp.a(board_lpcopen.o)
Board_UARTPutChar                                 build/lib/boards/edu-ciaa-nxp.a(board_lpcopen.o)
Board_UARTPutSTR                                  build/lib/boards/edu-ciaa-nxp.a(board_lpcopen.o)
BusFault_Handler                                  build/lib/boards/edu-ciaa-nxp.a(armv7m_startup.o)
Chip_ADC_DeInit                                   build/lib/boards/edu-ciaa-nxp.a(adc_18xx_43xx.o)
Chip_ADC_EnableChannel                            build/lib/boards/edu-ciaa-nxp.a(adc_18xx_43xx.o)
                                                  build/lib/boards/edu-ciaa-nxp.a(board_lpcopen.o)
Chip_ADC_Init                                     build/lib/boards/edu-ciaa-nxp.a(adc_18xx_43xx.o)
                                                  build/lib/boards/edu-ciaa-nxp.a(board_lpcopen.o)
Chip_ADC_Int_SetChannelCmd                        build/lib/boards/edu-ciaa-nxp.a(adc_18xx_43xx.o)
Chip_ADC_ReadByte                                 build/lib/boards/edu-ciaa-nxp.a(adc_18xx_43xx.o)
Chip_ADC_ReadStatus                               build/lib/boards/edu-ciaa-nxp.a(adc_18xx_43xx.o)
                                                  build/lib/boards/edu-ciaa-nxp.a(board_lpcopen.o)
Chip_ADC_ReadValue                                build/lib/boards/edu-ciaa-nxp.a(adc_18xx_43xx.o)
                                                  build/lib/boards/edu-ciaa-nxp.a(board_lpcopen.o)
Chip_ADC_SetBurstCmd                              build/lib/boards/edu-ciaa-nxp.a(adc_18xx_43xx.o)
                                                  build/lib/boards/edu-ciaa-nxp.a(board_lpcopen.o)
Chip_ADC_SetResolution                            build/lib/boards/edu-ciaa-nxp.a(adc_18xx_43xx.o)
                                                  build/lib/boards/edu-ciaa-nxp.a(board_lpcopen.o)
Chip_ADC_SetSampleRate                            build/lib/boards/edu-ciaa-nxp.a(adc_18xx_43xx.o)
                                                  build/lib/boards/edu-ciaa-nxp.a(board_lpcopen.o)
Chip_ADC_SetStartMode                             build/lib/boards/edu-ciaa-nxp.a(adc_18xx_43xx.o)
                                                  build/lib/boards/edu-ciaa-nxp.a(board_lpcopen.o)
Chip_Clock_CalcMainPLLValue                       build/lib/boards/edu-ciaa-nxp.a(clock_18xx_43xx.o)
                                                  build/lib/boards/edu-ciaa-nxp.a(sysinit_18xx_43xx.o)
Chip_Clock_ClearPowerDown                         build/lib/boards/edu-ciaa-nxp.a(clock_18xx_43xx.o)
Chip_Clock_Disable                                build/lib/boards/edu-ciaa-nxp.a(clock_18xx_43xx.o)
                                                  build/lib/boards/edu-ciaa-nxp.a(uart_18xx_43xx.o)
                                                  build/lib/boards/edu-ciaa-nxp.a(ssp_18xx_43xx.o)
                                                  build/lib/boards/edu-ciaa-nxp.a(i2c_18xx_43xx.o)
                                                  build/lib/boards/edu-ciaa-nxp.a(adc_18xx_43xx.o)
Chip_Clock_DisableBaseClock                       build/lib/boards/edu-ciaa-nxp.a(clock_18xx_43xx.o)
Chip_Clock_DisableCrystal                         build/lib/boards/edu-ciaa-nxp.a(clock_18xx_43xx.o)
Chip_Clock_DisablePLL                             build/lib/boards/edu-ciaa-nxp.a(clock_18xx_43xx.o)
Chip_Clock_Enable                                 build/lib/boards/edu-ciaa-nxp.a(clock_18xx_43xx.o)
                                                  build/lib/boards/edu-ciaa-nxp.a(ssp_18xx_43xx.o)
                                                  build/lib/boards/edu-ciaa-nxp.a(i2c_18xx_43xx.o)
Chip_Clock_EnableBaseClock                        build/lib/boards/edu-ciaa-nxp.a(clock_18xx_43xx.o)
                                                  build/lib/boards/edu-ciaa-nxp.a(chip_18xx_43xx.o)
Chip_Clock_EnableCrystal                          build/lib/boards/edu-ciaa-nxp.a(clock_18xx_43xx.o)
                                                  build/lib/boards/edu-ciaa-nxp.a(sysinit_18xx_43xx.o)
Chip_Clock_EnableOpts                             build/lib/boards/edu-ciaa-nxp.a(clock_18xx_43xx.o)
                                                  build/lib/boards/edu-ciaa-nxp.a(uart_18xx_43xx.o)
                                                  build/lib/boards/edu-ciaa-nxp.a(chip_18xx_43xx.o)
                                                  build/lib/boards/edu-ciaa-nxp.a(adc_18xx_43xx.o)
Chip_Clock_EnablePLL                              build/lib/boards/edu-ciaa-nxp.a(clock_18xx_43xx.o)
                                                  build/lib/boards/edu-ciaa-nxp.a(chip_18xx_43xx.o)
Chip_Clock_GetBaseClock                           build/lib/boards/edu-ciaa-nxp.a(clock_18xx_43xx.o)
Chip_Clock_GetBaseClockOpts                       build/lib/boards/edu-ciaa-nxp.a(clock_18xx_43xx.o)
Chip_Clock_GetBaseClocktHz                        build/lib/boards/edu-ciaa-nxp.a(clock_18xx_43xx.o)
Chip_Clock_GetClockInputHz                        build/lib/boards/edu-ciaa-nxp.a(clock_18xx_43xx.o)
                                                  build/lib/boards/edu-ciaa-nxp.a(chip_18xx_43xx.o)
Chip_Clock_GetDividerDivisor                      build/lib/boards/edu-ciaa-nxp.a(clock_18xx_43xx.o)
Chip_Clock_GetDividerSource                       build/lib/boards/edu-ciaa-nxp.a(clock_18xx_43xx.o)
Chip_Clock_GetEMCRate                             build/lib/boards/edu-ciaa-nxp.a(clock_18xx_43xx.o)
Chip_Clock_GetMainPLLHz                           build/lib/boards/edu-ciaa-nxp.a(clock_18xx_43xx.o)
Chip_Clock_GetPLLStatus                           build/lib/boards/edu-ciaa-nxp.a(clock_18xx_43xx.o)
                                                  build/lib/boards/edu-ciaa-nxp.a(chip_18xx_43xx.o)
Chip_Clock_GetRate                                build/lib/boards/edu-ciaa-nxp.a(clock_18xx_43xx.o)
                                                  build/lib/boards/edu-ciaa-nxp.a(uart_18xx_43xx.o)
                                                  build/lib/boards/edu-ciaa-nxp.a(ssp_18xx_43xx.o)
                                                  build/lib/boards/edu-ciaa-nxp.a(i2c_18xx_43xx.o)
                                                  build/lib/boards/edu-ciaa-nxp.a(chip_18xx_43xx.o)
                                                  build/lib/boards/edu-ciaa-nxp.a(adc_18xx_43xx.o)
Chip_Clock_IsBaseClockEnabled                     build/lib/boards/edu-ciaa-nxp.a(clock_18xx_43xx.o)
Chip_Clock_RTCEnable                              build/lib/boards/edu-ciaa-nxp.a(clock_18xx_43xx.o)
Chip_Clock_SetBaseClock                           build/lib/boards/edu-ciaa-nxp.a(clock_18xx_43xx.o)
                                                  build/lib/boards/edu-ciaa-nxp.a(sysinit_18xx_43xx.o)
                                                  build/lib/boards/edu-ciaa-nxp.a(chip_18xx_43xx.o)
                                                  build/lib/boards/edu-ciaa-nxp.a(board_sysinit.o)
Chip_Clock_SetDivider                             build/lib/boards/edu-ciaa-nxp.a(clock_18xx_43xx.o)
                                                  build/lib/boards/edu-ciaa-nxp.a(chip_18xx_43xx.o)
Chip_Clock_SetupMainPLLHz                         build/lib/boards/edu-ciaa-nxp.a(clock_18xx_43xx.o)
Chip_Clock_SetupMainPLLMult                       build/lib/boards/edu-ciaa-nxp.a(clock_18xx_43xx.o)
Chip_Clock_SetupPLL                               build/lib/boards/edu-ciaa-nxp.a(clock_18xx_43xx.o)
                                                  build/lib/boards/edu-ciaa-nxp.a(chip_18xx_43xx.o)
Chip_Clock_StartPowerDown                         build/lib/boards/edu-ciaa-nxp.a(clock_18xx_43xx.o)
Chip_GPIO_DeInit                                  build/lib/boards/edu-ciaa-nxp.a(gpio_18xx_43xx.o)
Chip_GPIO_Init                                    build/lib/boards/edu-ciaa-nxp.a(gpio_18xx_43xx.o)
                                                  build/lib/boards/edu-ciaa-nxp.a(board_lpcopen.o)
Chip_I2C_DeInit                                   build/lib/boards/edu-ciaa-nxp.a(i2c_18xx_43xx.o)
Chip_I2C_Disable                                  build/lib/boards/edu-ciaa-nxp.a(i2c_18xx_43xx.o)
Chip_I2C_EventHandler                             build/lib/boards/edu-ciaa-nxp.a(i2c_18xx_43xx.o)
Chip_I2C_EventHandlerPolling                      build/lib/boards/edu-ciaa-nxp.a(i2c_18xx_43xx.o)
Chip_I2C_GetClockRate                             build/lib/boards/edu-ciaa-nxp.a(i2c_18xx_43xx.o)
Chip_I2C_GetMasterEventHandler                    build/lib/boards/edu-ciaa-nxp.a(i2c_18xx_43xx.o)
Chip_I2C_Init                                     build/lib/boards/edu-ciaa-nxp.a(i2c_18xx_43xx.o)
                                                  build/lib/boards/edu-ciaa-nxp.a(board_lpcopen.o)
Chip_I2C_IsMasterActive                           build/lib/boards/edu-ciaa-nxp.a(i2c_18xx_43xx.o)
Chip_I2C_IsStateChanged                           build/lib/boards/edu-ciaa-nxp.a(i2c_18xx_43xx.o)
Chip_I2C_MasterCmdRead                            build/lib/boards/edu-ciaa-nxp.a(i2c_18xx_43xx.o)
Chip_I2C_MasterRead                               build/lib/boards/edu-ciaa-nxp.a(i2c_18xx_43xx.o)
Chip_I2C_MasterSend                               build/lib/boards/edu-ciaa-nxp.a(i2c_18xx_43xx.o)
Chip_I2C_MasterStateHandler                       build/lib/boards/edu-ciaa-nxp.a(i2c_18xx_43xx.o)
Chip_I2C_MasterTransfer                           build/lib/boards/edu-ciaa-nxp.a(i2c_18xx_43xx.o)
Chip_I2C_SetClockRate                             build/lib/boards/edu-ciaa-nxp.a(i2c_18xx_43xx.o)
                                                  build/lib/boards/edu-ciaa-nxp.a(board_lpcopen.o)
Chip_I2C_SetMasterEventHandler                    build/lib/boards/edu-ciaa-nxp.a(i2c_18xx_43xx.o)
Chip_I2C_SlaveSetup                               build/lib/boards/edu-ciaa-nxp.a(i2c_18xx_43xx.o)
Chip_I2C_SlaveStateHandler                        build/lib/boards/edu-ciaa-nxp.a(i2c_18xx_43xx.o)
Chip_SSP_DeInit                                   build/lib/boards/edu-ciaa-nxp.a(ssp_18xx_43xx.o)
Chip_SSP_Init                                     build/lib/boards/edu-ciaa-nxp.a(ssp_18xx_43xx.o)
                                                  build/lib/boards/edu-ciaa-nxp.a(board_lpcopen.o)
Chip_SSP_Int_FlushData                            build/lib/boards/edu-ciaa-nxp.a(ssp_18xx_43xx.o)
Chip_SSP_Int_RWFrames16Bits                       build/lib/boards/edu-ciaa-nxp.a(ssp_18xx_43xx.o)
Chip_SSP_Int_RWFrames8Bits                        build/lib/boards/edu-ciaa-nxp.a(ssp_18xx_43xx.o)
Chip_SSP_RWFrames_Blocking                        build/lib/boards/edu-ciaa-nxp.a(ssp_18xx_43xx.o)
Chip_SSP_ReadFrames_Blocking                      build/lib/boards/edu-ciaa-nxp.a(ssp_18xx_43xx.o)
Chip_SSP_SetBitRate                               build/lib/boards/edu-ciaa-nxp.a(ssp_18xx_43xx.o)
                                                  build/lib/boards/edu-ciaa-nxp.a(board_lpcopen.o)
Chip_SSP_SetClockRate                             build/lib/boards/edu-ciaa-nxp.a(ssp_18xx_43xx.o)
Chip_SSP_SetMaster                                build/lib/boards/edu-ciaa-nxp.a(ssp_18xx_43xx.o)
Chip_SSP_WriteFrames_Blocking                     build/lib/boards/edu-ciaa-nxp.a(ssp_18xx_43xx.o)
Chip_SetupCoreClock                               build/lib/boards/edu-ciaa-nxp.a(sysinit_18xx_43xx.o)
                                                  build/lib/boards/edu-ciaa-nxp.a(board_sysinit.o)
Chip_SetupIrcClocking                             build/lib/boards/edu-ciaa-nxp.a(sysinit_18xx_43xx.o)
Chip_SetupXtalClocking                            build/lib/boards/edu-ciaa-nxp.a(sysinit_18xx_43xx.o)
Chip_SystemInit                                   build/lib/boards/edu-ciaa-nxp.a(sysinit_18xx_43xx.o)
Chip_UART_ABCmd                                   build/lib/boards/edu-ciaa-nxp.a(uart_18xx_43xx.o)
Chip_UART_CheckBusy                               build/lib/boards/edu-ciaa-nxp.a(uart_18xx_43xx.o)
Chip_UART_DeInit                                  build/lib/boards/edu-ciaa-nxp.a(uart_18xx_43xx.o)
Chip_UART_GetABEOStatus                           build/lib/boards/edu-ciaa-nxp.a(uart_18xx_43xx.o)
Chip_UART_IRQRBHandler                            build/lib/boards/edu-ciaa-nxp.a(uart_18xx_43xx.o)
Chip_UART_Init                                    build/lib/boards/edu-ciaa-nxp.a(uart_18xx_43xx.o)
                                                  build/lib/boards/edu-ciaa-nxp.a(board_lpcopen.o)
Chip_UART_RXIntHandlerRB                          build/lib/boards/edu-ciaa-nxp.a(uart_18xx_43xx.o)
Chip_UART_Read                                    build/lib/boards/edu-ciaa-nxp.a(uart_18xx_43xx.o)
Chip_UART_ReadBlocking                            build/lib/boards/edu-ciaa-nxp.a(uart_18xx_43xx.o)
Chip_UART_ReadRB                                  build/lib/boards/edu-ciaa-nxp.a(uart_18xx_43xx.o)
Chip_UART_Send                                    build/lib/boards/edu-ciaa-nxp.a(uart_18xx_43xx.o)
Chip_UART_SendBlocking                            build/lib/boards/edu-ciaa-nxp.a(uart_18xx_43xx.o)
Chip_UART_SendRB                                  build/lib/boards/edu-ciaa-nxp.a(uart_18xx_43xx.o)
Chip_UART_SetBaud                                 build/lib/boards/edu-ciaa-nxp.a(uart_18xx_43xx.o)
Chip_UART_SetBaudFDR                              build/lib/boards/edu-ciaa-nxp.a(uart_18xx_43xx.o)
                                                  build/lib/boards/edu-ciaa-nxp.a(board_lpcopen.o)
Chip_UART_TXIntHandlerRB                          build/lib/boards/edu-ciaa-nxp.a(uart_18xx_43xx.o)
Chip_USB0_Init                                    build/lib/boards/edu-ciaa-nxp.a(chip_18xx_43xx.o)
Chip_USB1_Init                                    build/lib/boards/edu-ciaa-nxp.a(chip_18xx_43xx.o)
DebugMon_Handler                                  build/lib/boards/edu-ciaa-nxp.a(armv7m_startup.o)
DigitalInputAllocate                              build/obj/src/digital.o
DigitalInputCreate                                build/obj/src/digital.o
                                                  build/obj/src/bsp.o
DigitalInputGetState                              build/obj/src/digital.o
DigitalInputHasActivated                          build/obj/src/digital.o
DigitalInputHasChanged                            build/obj/src/digital.o
DigitalInputHasDeactivated                        build/obj/src/digital.o
DigitalOutputActivate                             build/obj/src/digital.o
DigitalOutputAllocate                             build/obj/src/digital.o
DigitalOutputCreate                               build/obj/src/digital.o
                                                  build/obj/src/bsp.o
DigitalOutputDeactivate                           build/obj/src/digital.o
DigitalOutputToggle                               build/obj/src/digital.o
DisplayCreate                                     build/obj/src/pantalla.o
                                                  build/obj/src/bsp.o
DisplayRefresh                                    build/obj/src/pantalla.o
                                                  build/obj/src/main.o
DisplayWriteBCD                                   build/obj/src/pantalla.o
                                                  build/obj/src/main.o
ExtRateIn                                         build/lib/boards/edu-ciaa-nxp.a(board_lpcopen.o)
                                                  build/lib/boards/edu-ciaa-nxp.a(clock_18xx_43xx.o)
HardFault_Handler                                 build/lib/boards/edu-ciaa-nxp.a(armv7m_startup.o)
MemManage_Handler                                 build/lib/boards/edu-ciaa-nxp.a(armv7m_startup.o)
NMI_Handler                                       build/lib/boards/edu-ciaa-nxp.a(armv7m_startup.o)
OscRateIn                                         build/lib/boards/edu-ciaa-nxp.a(board_lpcopen.o)
                                                  build/lib/boards/edu-ciaa-nxp.a(clock_18xx_43xx.o)
PendSV_Handler                                    build/lib/boards/edu-ciaa-nxp.a(armv7m_startup.o)
Reset_Handler                                     build/lib/boards/edu-ciaa-nxp.a(armv7m_startup.o)
RingBuffer_Init                                   build/lib/boards/edu-ciaa-nxp.a(ring_buffer.o)
RingBuffer_Insert                                 build/lib/boards/edu-ciaa-nxp.a(ring_buffer.o)
                                                  build/lib/boards/edu-ciaa-nxp.a(uart_18xx_43xx.o)
RingBuffer_InsertMult                             build/lib/boards/edu-ciaa-nxp.a(ring_buffer.o)
                                                  build/lib/boards/edu-ciaa-nxp.a(uart_18xx_43xx.o)
RingBuffer_Pop                                    build/lib/boards/edu-ciaa-nxp.a(ring_buffer.o)
                                                  build/lib/boards/edu-ciaa-nxp.a(uart_18xx_43xx.o)
RingBuffer_PopMult                                build/lib/boards/edu-ciaa-nxp.a(ring_buffer.o)
                                                  build/lib/boards/edu-ciaa-nxp.a(uart_18xx_43xx.o)
SVC_Handler                                       build/lib/boards/edu-ciaa-nxp.a(armv7m_startup.o)
SysTick_Handler                                   build/lib/boards/edu-ciaa-nxp.a(armv7m_startup.o)
SystemCoreClock                                   build/lib/boards/edu-ciaa-nxp.a(chip_18xx_43xx.o)
SystemCoreClockUpdate                             build/lib/boards/edu-ciaa-nxp.a(chip_18xx_43xx.o)
                                                  build/lib/boards/edu-ciaa-nxp.a(board_sysinit.o)
SystemInit                                        build/lib/boards/edu-ciaa-nxp.a(sysinit.o)
                                                  build/lib/boards/edu-ciaa-nxp.a(armv7m_startup.o)
UsageFault_Handler                                build/lib/boards/edu-ciaa-nxp.a(armv7m_startup.o)
__aeabi_idiv0                                     /home/pablo/eiti/2022/embebidos/gcc/gcc-arm/bin/../lib/gcc/arm-none-eabi/10.3.1/thumb/v7e-m+fp/softfp/libgcc.a(_dvmd_tls.o)
__aeabi_ldiv0                                     /home/pablo/eiti/2022/embebidos/gcc/gcc-arm/bin/../lib/gcc/arm-none-eabi/10.3.1/thumb/v7e-m+fp/softfp/libgcc.a(_dvmd_tls.o)
                                                  /home/pablo/eiti/2022/embebidos/gcc/gcc-arm/bin/../lib/gcc/arm-none-eabi/10.3.1/thumb/v7e-m+fp/softfp/libgcc.a(_aeabi_uldivmod.o)
__aeabi_uldivmod                                  /home/pablo/eiti/2022/embebidos/gcc/gcc-arm/bin/../lib/gcc/arm-none-eabi/10.3.1/thumb/v7e-m+fp/softfp/libgcc.a(_aeabi_uldivmod.o)
                                                  build/lib/boards/edu-ciaa-nxp.a(uart_18xx_43xx.o)
__bss_section_table_end                           build/lib/boards/edu-ciaa-nxp.a(armv7m_startup.o)
__data_section_table                              build/lib/boards/edu-ciaa-nxp.a(armv7m_startup.o)
__data_section_table_end                          build/lib/boards/edu-ciaa-nxp.a(armv7m_startup.o)
__init_array_end                                  /home/pablo/eiti/2022/embebidos/gcc/gcc-arm/bin/../lib/gcc/arm-none-eabi/10.3.1/../../../../arm-none-eabi/lib/thumb/v7e-m+fp/softfp/libc_nano.a(lib_a-init.o)
__init_array_start                                /home/pablo/eiti/2022/embebidos/gcc/gcc-arm/bin/../lib/gcc/arm-none-eabi/10.3.1/../../../../arm-none-eabi/lib/thumb/v7e-m+fp/softfp/libc_nano.a(lib_a-init.o)
__libc_init_array                                 /home/pablo/eiti/2022/embebidos/gcc/gcc-arm/bin/../lib/gcc/arm-none-eabi/10.3.1/../../../../arm-none-eabi/lib/thumb/v7e-m+fp/softfp/libc_nano.a(lib_a-init.o)
                                                  build/lib/boards/edu-ciaa-nxp.a(armv7m_startup.o)
__preinit_array_end                               /home/pablo/eiti/2022/embebidos/gcc/gcc-arm/bin/../lib/gcc/arm-none-eabi/10.3.1/../../../../arm-none-eabi/lib/thumb/v7e-m+fp/softfp/libc_nano.a(lib_a-init.o)
__preinit_array_start                             /home/pablo/eiti/2022/embebidos/gcc/gcc-arm/bin/../lib/gcc/arm-none-eabi/10.3.1/../../../../arm-none-eabi/lib/thumb/v7e-m+fp/softfp/libc_nano.a(lib_a-init.o)
__stdio_getchar                                   build/lib/boards/edu-ciaa-nxp.a(board_lpcopen.o)
__stdio_init                                      build/lib/boards/edu-ciaa-nxp.a(board_lpcopen.o)
__stdio_putchar                                   build/lib/boards/edu-ciaa-nxp.a(board_lpcopen.o)
__udivmoddi4                                      /home/pablo/eiti/2022/embebidos/gcc/gcc-arm/bin/../lib/gcc/arm-none-eabi/10.3.1/thumb/v7e-m+fp/softfp/libgcc.a(_udivmoddi4.o)
                                                  /home/pablo/eiti/2022/embebidos/gcc/gcc-arm/bin/../lib/gcc/arm-none-eabi/10.3.1/thumb/v7e-m+fp/softfp/libgcc.a(_aeabi_uldivmod.o)
__valid_user_code_checksum                        build/lib/boards/edu-ciaa-nxp.a(armv7m_startup.o)
_fini                                             build/lib/boards/edu-ciaa-nxp.a(armv7m_startup.o)
_init                                             build/lib/boards/edu-ciaa-nxp.a(armv7m_startup.o)
                                                  /home/pablo/eiti/2022/embebidos/gcc/gcc-arm/bin/../lib/gcc/arm-none-eabi/10.3.1/../../../../arm-none-eabi/lib/thumb/v7e-m+fp/softfp/libc_nano.a(lib_a-init.o)
_vStackTop                                        build/lib/boards/edu-ciaa-nxp.a(armv7m_startup.o)
bss_init                                          build/lib/boards/edu-ciaa-nxp.a(armv7m_startup.o)
data_init                                         build/lib/boards/edu-ciaa-nxp.a(armv7m_startup.o)
g_pfnVectors                                      build/lib/boards/edu-ciaa-nxp.a(armv7m_startup.o)
                                                  build/lib/boards/edu-ciaa-nxp.a(sysinit.o)
getSlaveIndex                                     build/lib/boards/edu-ciaa-nxp.a(i2c_18xx_43xx.o)
handleMasterXferState                             build/lib/boards/edu-ciaa-nxp.a(i2c_18xx_43xx.o)
handleSlaveXferState                              build/lib/boards/edu-ciaa-nxp.a(i2c_18xx_43xx.o)
initialise_monitor_handles                        build/lib/boards/edu-ciaa-nxp.a(armv7m_startup.o)
main                                              build/obj/src/main.o
                                                  build/lib/boards/edu-ciaa-nxp.a(armv7m_startup.o)
memcpy                                            /home/pablo/eiti/2022/embebidos/gcc/gcc-arm/bin/../lib/gcc/arm-none-eabi/10.3.1/../../../../arm-none-eabi/lib/thumb/v7e-m+fp/softfp/libc_nano.a(lib_a-memcpy-stub.o)
                                                  build/lib/boards/edu-ciaa-nxp.a(ring_buffer.o)
memset                                            /home/pablo/eiti/2022/embebidos/gcc/gcc-arm/bin/../lib/gcc/arm-none-eabi/10.3.1/../../../../arm-none-eabi/lib/thumb/v7e-m+fp/softfp/libc_nano.a(lib_a-memset.o)
                                                  build/lib/boards/edu-ciaa-nxp.a(clock_18xx_43xx.o)
                                                  build/obj/src/pantalla.o
readAdcVal                                        build/lib/boards/edu-ciaa-nxp.a(adc_18xx_43xx.o)
setStartMode                                      build/lib/boards/edu-ciaa-nxp.a(adc_18xx_43xx.o)
